Archive member included because of file (symbol)

c:/dev/gcc-arm-none-eabi-4_8-2014q2/bin/../lib/gcc/arm-none-eabi/4.8.4/../../../../arm-none-eabi/lib/armv7-m\libc_s.a(lib_a-atoi.o)
                              obj/main/NAZE/io/ledstrip.o (symbol from plugin) (atoi)
c:/dev/gcc-arm-none-eabi-4_8-2014q2/bin/../lib/gcc/arm-none-eabi/4.8.4/../../../../arm-none-eabi/lib/armv7-m\libc_s.a(lib_a-ctype_.o)
                              obj/main/NAZE/flight/gps_conversion.o (symbol from plugin) (__ctype_ptr__)
c:/dev/gcc-arm-none-eabi-4_8-2014q2/bin/../lib/gcc/arm-none-eabi/4.8.4/../../../../arm-none-eabi/lib/armv7-m\libc_s.a(lib_a-memcpy-stub.o)
                              obj/main/NAZE/io/ledstrip.o (symbol from plugin) (memcpy)
c:/dev/gcc-arm-none-eabi-4_8-2014q2/bin/../lib/gcc/arm-none-eabi/4.8.4/../../../../arm-none-eabi/lib/armv7-m\libc_s.a(lib_a-strtok.o)
                              obj/main/NAZE/io/serial_cli.o (symbol from plugin) (strtok)
c:/dev/gcc-arm-none-eabi-4_8-2014q2/bin/../lib/gcc/arm-none-eabi/4.8.4/../../../../arm-none-eabi/lib/armv7-m\libc_s.a(lib_a-strtok_r.o)
                              c:/dev/gcc-arm-none-eabi-4_8-2014q2/bin/../lib/gcc/arm-none-eabi/4.8.4/../../../../arm-none-eabi/lib/armv7-m\libc_s.a(lib_a-strtok.o) (__strtok_r)
c:/dev/gcc-arm-none-eabi-4_8-2014q2/bin/../lib/gcc/arm-none-eabi/4.8.4/../../../../arm-none-eabi/lib/armv7-m\libc_s.a(lib_a-strtol.o)
                              c:/dev/gcc-arm-none-eabi-4_8-2014q2/bin/../lib/gcc/arm-none-eabi/4.8.4/../../../../arm-none-eabi/lib/armv7-m\libc_s.a(lib_a-atoi.o) (_strtol_r)
c:/dev/gcc-arm-none-eabi-4_8-2014q2/bin/../lib/gcc/arm-none-eabi/4.8.4/../../../../arm-none-eabi/lib/armv7-m\libc_s.a(lib_a-impure.o)
                              c:/dev/gcc-arm-none-eabi-4_8-2014q2/bin/../lib/gcc/arm-none-eabi/4.8.4/../../../../arm-none-eabi/lib/armv7-m\libc_s.a(lib_a-strtok.o) (_impure_ptr)
c:/dev/gcc-arm-none-eabi-4_8-2014q2/bin/../lib/gcc/arm-none-eabi/4.8.4/../../../../arm-none-eabi/lib/armv7-m\libc_s.a(lib_a-malloc.o)
                              c:/dev/gcc-arm-none-eabi-4_8-2014q2/bin/../lib/gcc/arm-none-eabi/4.8.4/../../../../arm-none-eabi/lib/armv7-m\libc_s.a(lib_a-strtok.o) (malloc)
c:/dev/gcc-arm-none-eabi-4_8-2014q2/bin/../lib/gcc/arm-none-eabi/4.8.4/../../../../arm-none-eabi/lib/armv7-m\libc_s.a(lib_a-nano-freer.o)
                              c:/dev/gcc-arm-none-eabi-4_8-2014q2/bin/../lib/gcc/arm-none-eabi/4.8.4/../../../../arm-none-eabi/lib/armv7-m\libc_s.a(lib_a-malloc.o) (_free_r)
c:/dev/gcc-arm-none-eabi-4_8-2014q2/bin/../lib/gcc/arm-none-eabi/4.8.4/../../../../arm-none-eabi/lib/armv7-m\libc_s.a(lib_a-nano-mallocr.o)
                              c:/dev/gcc-arm-none-eabi-4_8-2014q2/bin/../lib/gcc/arm-none-eabi/4.8.4/../../../../arm-none-eabi/lib/armv7-m\libc_s.a(lib_a-malloc.o) (_malloc_r)
c:/dev/gcc-arm-none-eabi-4_8-2014q2/bin/../lib/gcc/arm-none-eabi/4.8.4/../../../../arm-none-eabi/lib/armv7-m\libc_s.a(lib_a-sbrkr.o)
                              c:/dev/gcc-arm-none-eabi-4_8-2014q2/bin/../lib/gcc/arm-none-eabi/4.8.4/../../../../arm-none-eabi/lib/armv7-m\libc_s.a(lib_a-nano-mallocr.o) (_sbrk_r)
c:/dev/gcc-arm-none-eabi-4_8-2014q2/bin/../lib/gcc/arm-none-eabi/4.8.4/../../../../arm-none-eabi/lib/armv7-m\libc_s.a(lib_a-reent.o)
                              c:/dev/gcc-arm-none-eabi-4_8-2014q2/bin/../lib/gcc/arm-none-eabi/4.8.4/../../../../arm-none-eabi/lib/armv7-m\libc_s.a(lib_a-sbrkr.o) (errno)
c:/dev/gcc-arm-none-eabi-4_8-2014q2/bin/../lib/gcc/arm-none-eabi/4.8.4/../../../../arm-none-eabi/lib/armv7-m\libnosys.a(sbrk.o)
                              c:/dev/gcc-arm-none-eabi-4_8-2014q2/bin/../lib/gcc/arm-none-eabi/4.8.4/../../../../arm-none-eabi/lib/armv7-m\libc_s.a(lib_a-sbrkr.o) (_sbrk)
c:/dev/gcc-arm-none-eabi-4_8-2014q2/bin/../lib/gcc/arm-none-eabi/4.8.4/armv7-m\libgcc.a(_arm_addsubdf3.o)
                              C:\cygwin64\tmp\ccWFxnfo.ltrans3.ltrans.o (__aeabi_i2d)
c:/dev/gcc-arm-none-eabi-4_8-2014q2/bin/../lib/gcc/arm-none-eabi/4.8.4/armv7-m\libgcc.a(_arm_muldivdf3.o)
                              C:\cygwin64\tmp\ccWFxnfo.ltrans3.ltrans.o (__aeabi_ddiv)
c:/dev/gcc-arm-none-eabi-4_8-2014q2/bin/../lib/gcc/arm-none-eabi/4.8.4/armv7-m\libgcc.a(_arm_truncdfsf2.o)
                              C:\cygwin64\tmp\ccWFxnfo.ltrans3.ltrans.o (__aeabi_d2f)
c:/dev/gcc-arm-none-eabi-4_8-2014q2/bin/../lib/gcc/arm-none-eabi/4.8.4/armv7-m\libgcc.a(_arm_addsubsf3.o)
                              C:\cygwin64\tmp\ccWFxnfo.ltrans0.ltrans.o (__aeabi_fsub)
c:/dev/gcc-arm-none-eabi-4_8-2014q2/bin/../lib/gcc/arm-none-eabi/4.8.4/armv7-m\libgcc.a(_arm_muldivsf3.o)
                              C:\cygwin64\tmp\ccWFxnfo.ltrans0.ltrans.o (__aeabi_fmul)
c:/dev/gcc-arm-none-eabi-4_8-2014q2/bin/../lib/gcc/arm-none-eabi/4.8.4/armv7-m\libgcc.a(_arm_cmpsf2.o)
                              C:\cygwin64\tmp\ccWFxnfo.ltrans0.ltrans.o (__aeabi_fcmpeq)
[...]
Memory Configuration

Name             Origin             Length             Attributes
FLASH            0x08000000         0x0001f000         xr
FLASH_CONFIG     0x0801f000         0x00001000         r
RAM              0x20000000         0x00005000         xrw
MEMORY_B1        0x60000000         0x00000000         xr
*default*        0x00000000         0xffffffff

Linker script and memory map

LOAD obj/main/NAZE/startup_stm32f10x_md_gcc.o
LOAD obj/main/NAZE/drivers/adc.o
LOAD C:\cygwin64\tmp\ccWFxnfo.ltrans0.ltrans.o
LOAD C:\cygwin64\tmp\ccWFxnfo.ltrans1.ltrans.o
LOAD C:\cygwin64\tmp\ccWFxnfo.ltrans2.ltrans.o
LOAD C:\cygwin64\tmp\ccWFxnfo.ltrans3.ltrans.o
LOAD C:\cygwin64\tmp\ccWFxnfo.ltrans4.ltrans.o
LOAD C:\cygwin64\tmp\ccWFxnfo.ltrans5.ltrans.o
LOAD C:\cygwin64\tmp\ccWFxnfo.ltrans6.ltrans.o
LOAD C:\cygwin64\tmp\ccWFxnfo.ltrans7.ltrans.o
LOAD C:\cygwin64\tmp\ccWFxnfo.ltrans8.ltrans.o
LOAD C:\cygwin64\tmp\ccWFxnfo.ltrans9.ltrans.o
LOAD C:\cygwin64\tmp\ccWFxnfo.ltrans10.ltrans.o
LOAD C:\cygwin64\tmp\ccWFxnfo.ltrans11.ltrans.o
LOAD C:\cygwin64\tmp\ccWFxnfo.ltrans12.ltrans.o
LOAD C:\cygwin64\tmp\ccWFxnfo.ltrans13.ltrans.o
LOAD C:\cygwin64\tmp\ccWFxnfo.ltrans14.ltrans.o
LOAD C:\cygwin64\tmp\ccWFxnfo.ltrans15.ltrans.o
LOAD C:\cygwin64\tmp\ccWFxnfo.ltrans16.ltrans.o
LOAD C:\cygwin64\tmp\ccWFxnfo.ltrans17.ltrans.o
LOAD C:\cygwin64\tmp\ccWFxnfo.ltrans18.ltrans.o
LOAD C:\cygwin64\tmp\ccWFxnfo.ltrans19.ltrans.o
LOAD C:\cygwin64\tmp\ccWFxnfo.ltrans20.ltrans.o
LOAD C:\cygwin64\tmp\ccWFxnfo.ltrans21.ltrans.o
LOAD C:\cygwin64\tmp\ccWFxnfo.ltrans22.ltrans.o
LOAD C:\cygwin64\tmp\ccWFxnfo.ltrans23.ltrans.o
LOAD C:\cygwin64\tmp\ccWFxnfo.ltrans24.ltrans.o
LOAD C:\cygwin64\tmp\ccWFxnfo.ltrans25.ltrans.o
LOAD C:\cygwin64\tmp\ccWFxnfo.ltrans26.ltrans.o
LOAD C:\cygwin64\tmp\ccWFxnfo.ltrans27.ltrans.o
LOAD C:\cygwin64\tmp\ccWFxnfo.ltrans28.ltrans.o
LOAD C:\cygwin64\tmp\ccWFxnfo.ltrans29.ltrans.o
LOAD C:\cygwin64\tmp\ccWFxnfo.ltrans30.ltrans.o
LOAD C:\cygwin64\tmp\ccWFxnfo.ltrans31.ltrans.o
LOAD c:/dev/gcc-arm-none-eabi-4_8-2014q2/bin/../lib/gcc/arm-none-eabi/4.8.4/armv7-m\libgcc.a
LOAD c:/dev/gcc-arm-none-eabi-4_8-2014q2/bin/../lib/gcc/arm-none-eabi/4.8.4/../../../../arm-none-eabi/lib/armv7-m\libg_s.a
LOAD c:/dev/gcc-arm-none-eabi-4_8-2014q2/bin/../lib/gcc/arm-none-eabi/4.8.4/../../../../arm-none-eabi/lib/armv7-m\libc_s.a
LOAD c:/dev/gcc-arm-none-eabi-4_8-2014q2/bin/../lib/gcc/arm-none-eabi/4.8.4/armv7-m\libgcc.a
LOAD c:/dev/gcc-arm-none-eabi-4_8-2014q2/bin/../lib/gcc/arm-none-eabi/4.8.4/../../../../arm-none-eabi/lib/armv7-m\libc_s.a
LOAD obj/main/NAZE/drivers/adc_stm32f10x.o
LOAD obj/main/NAZE/drivers/bus_i2c_stm32f10x.o
LOAD obj/main/NAZE/drivers/gpio_stm32f10x.o
LOAD obj/main/NAZE/drivers/light_led_stm32f10x.o
LOAD obj/main/NAZE/drivers/serial_uart.o
LOAD obj/main/NAZE/drivers/serial_uart_stm32f10x.o
LOAD obj/main/NAZE/drivers/system_stm32f10x.o
LOAD obj/main/NAZE/drivers/accgyro_adxl345.o
LOAD obj/main/NAZE/drivers/accgyro_bma280.o
LOAD obj/main/NAZE/drivers/accgyro_l3g4200d.o
LOAD obj/main/NAZE/drivers/accgyro_mma845x.o
LOAD obj/main/NAZE/drivers/accgyro_mpu.o
LOAD obj/main/NAZE/drivers/accgyro_mpu3050.o
LOAD obj/main/NAZE/drivers/accgyro_mpu6050.o
LOAD obj/main/NAZE/drivers/accgyro_mpu6500.o
LOAD obj/main/NAZE/drivers/accgyro_spi_mpu6500.o
LOAD obj/main/NAZE/drivers/barometer_bmp085.o
LOAD obj/main/NAZE/drivers/barometer_ms5611.o
LOAD obj/main/NAZE/drivers/barometer_bmp280.o
LOAD obj/main/NAZE/drivers/bus_spi.o
LOAD obj/main/NAZE/drivers/compass_hmc5883l.o
LOAD obj/main/NAZE/drivers/display_ug2864hsweg01.o
LOAD obj/main/NAZE/drivers/flash_m25p16.o
LOAD obj/main/NAZE/drivers/inverter.o
LOAD obj/main/NAZE/drivers/light_ws2811strip.o
LOAD obj/main/NAZE/drivers/light_ws2811strip_stm32f10x.o
LOAD obj/main/NAZE/drivers/sonar_hcsr04.o
LOAD obj/main/NAZE/drivers/pwm_mapping.o
LOAD obj/main/NAZE/drivers/pwm_output.o
LOAD obj/main/NAZE/drivers/pwm_rx.o
LOAD obj/main/NAZE/drivers/serial_softserial.o
LOAD obj/main/NAZE/drivers/sound_beeper_stm32f10x.o
LOAD obj/main/NAZE/drivers/timer.o
LOAD obj/main/NAZE/drivers/timer_stm32f10x.o
LOAD obj/main/NAZE/io/flashfs.o
LOAD obj/main/NAZE/hardware_revision.o
LOAD obj/main/NAZE/flight/gtune.o
LOAD obj/main/NAZE/flight/navigation.o
LOAD obj/main/NAZE/flight/gps_conversion.o
LOAD obj/main/NAZE/common/colorconversion.o
LOAD obj/main/NAZE/io/gps.o
LOAD obj/main/NAZE/io/ledstrip.o
LOAD obj/main/NAZE/io/display.o
LOAD obj/main/NAZE/telemetry/telemetry.o
LOAD obj/main/NAZE/telemetry/frsky.o
LOAD obj/main/NAZE/telemetry/hott.o
LOAD obj/main/NAZE/telemetry/smartport.o
LOAD obj/main/NAZE/telemetry/ltm.o
LOAD obj/main/NAZE/telemetry/mavlink.o
LOAD obj/main/NAZE/telemetry/ibus.o
LOAD obj/main/NAZE/sensors/sonar.o
LOAD obj/main/NAZE/sensors/barometer.o
LOAD obj/main/NAZE/blackbox/blackbox.o
LOAD obj/main/NAZE/blackbox/blackbox_io.o
LOAD obj/main/NAZE/config/feature.o
LOAD obj/main/NAZE/config/profile.o
LOAD obj/main/NAZE/fc/boot.o
LOAD obj/main/NAZE/fc/fc_debug.o
LOAD obj/main/NAZE/fc/cleanflight_fc.o
LOAD obj/main/NAZE/fc/fc_tasks.o
LOAD obj/main/NAZE/fc/rate_profile.o
LOAD obj/main/NAZE/fc/rc_adjustments.o
LOAD obj/main/NAZE/fc/rc_controls.o
LOAD obj/main/NAZE/fc/rc_curves.o
LOAD obj/main/NAZE/fc/fc_serial.o
LOAD obj/main/NAZE/fc/config.o
LOAD obj/main/NAZE/fc/runtime_config.o
LOAD obj/main/NAZE/fc/msp_server_fc.o
LOAD obj/main/NAZE/flight/altitudehold.o
LOAD obj/main/NAZE/flight/failsafe.o
LOAD obj/main/NAZE/flight/pid.o
LOAD obj/main/NAZE/flight/pid_luxfloat.o
LOAD obj/main/NAZE/flight/imu.o
LOAD obj/main/NAZE/flight/mixer.o
LOAD obj/main/NAZE/flight/servos.o
LOAD obj/main/NAZE/drivers/bus_i2c_soft.o
LOAD obj/main/NAZE/drivers/exti.o
LOAD obj/main/NAZE/drivers/io.o
LOAD obj/main/NAZE/drivers/rcc.o
LOAD obj/main/NAZE/drivers/sound_beeper.o
LOAD obj/main/NAZE/drivers/gyro_sync.o
LOAD obj/main/NAZE/io/beeper.o
LOAD obj/main/NAZE/io/gimbal.o
LOAD obj/main/NAZE/io/servos.o
LOAD obj/main/NAZE/io/motors.o
LOAD obj/main/NAZE/io/serial_4way.o
LOAD obj/main/NAZE/io/serial_4way_avrootloader.o
LOAD obj/main/NAZE/io/serial_4way_stk500v2.o
LOAD obj/main/NAZE/io/serial_cli.o
LOAD obj/main/NAZE/io/statusindicator.o
LOAD obj/main/NAZE/rx/rx.o
LOAD obj/main/NAZE/rx/pwm.o
LOAD obj/main/NAZE/rx/msp.o
LOAD obj/main/NAZE/rx/sbus.o
LOAD obj/main/NAZE/rx/sumd.o
LOAD obj/main/NAZE/rx/sumh.o
LOAD obj/main/NAZE/rx/spektrum.o
LOAD obj/main/NAZE/rx/xbus.o
LOAD obj/main/NAZE/rx/ibus.o
LOAD obj/main/NAZE/rx/srxl.o
LOAD obj/main/NAZE/sensors/sensors.o
LOAD obj/main/NAZE/sensors/acceleration.o
LOAD obj/main/NAZE/sensors/battery.o
LOAD obj/main/NAZE/sensors/voltage.o
LOAD obj/main/NAZE/sensors/amperage.o
LOAD obj/main/NAZE/sensors/boardalignment.o
LOAD obj/main/NAZE/sensors/compass.o
LOAD obj/main/NAZE/sensors/gyro.o
LOAD obj/main/NAZE/sensors/initialisation.o
LOAD obj/main/NAZE/build/build_config.o
LOAD obj/main/NAZE/build/debug.o
LOAD obj/main/NAZE/build/version.o
LOAD obj/main/NAZE/config/config_streamer.o
LOAD obj/main/NAZE/config/parameter_group.o
LOAD obj/main/NAZE/config/config_eeprom.o
LOAD obj/main/NAZE/common/encoding.o
LOAD obj/main/NAZE/common/filter.o
LOAD obj/main/NAZE/common/maths.o
LOAD obj/main/NAZE/common/printf.o
LOAD obj/main/NAZE/common/streambuf.o
LOAD obj/main/NAZE/common/typeconversion.o
LOAD obj/main/NAZE/common/crc.o
LOAD obj/main/NAZE/common/pilot.o
LOAD obj/main/NAZE/drivers/buf_writer.o
LOAD obj/main/NAZE/drivers/dma.o
LOAD obj/main/NAZE/drivers/serial.o
LOAD obj/main/NAZE/drivers/system.o
LOAD obj/main/NAZE/scheduler/scheduler.o
LOAD obj/main/NAZE/io/serial.o
LOAD obj/main/NAZE/msp/msp.o
LOAD obj/main/NAZE/msp/msp_serial.o
LOAD obj/main/NAZE/msp/msp_server.o
LOAD obj/main/NAZE/core_cm3.o
LOAD obj/main/NAZE/system_stm32f10x.o
LOAD obj/main/NAZE/stm32f10x_gpio.o
LOAD obj/main/NAZE/stm32f10x_fsmc.o
LOAD obj/main/NAZE/stm32f10x_exti.o
LOAD obj/main/NAZE/stm32f10x_bkp.o
LOAD obj/main/NAZE/stm32f10x_spi.o
LOAD obj/main/NAZE/stm32f10x_adc.o
LOAD obj/main/NAZE/stm32f10x_iwdg.o
LOAD obj/main/NAZE/misc.o
LOAD obj/main/NAZE/stm32f10x_wwdg.o
LOAD obj/main/NAZE/stm32f10x_tim.o
LOAD obj/main/NAZE/stm32f10x_usart.o
LOAD obj/main/NAZE/stm32f10x_flash.o
LOAD obj/main/NAZE/stm32f10x_rcc.o
LOAD obj/main/NAZE/stm32f10x_sdio.o
LOAD obj/main/NAZE/stm32f10x_i2c.o
LOAD obj/main/NAZE/stm32f10x_pwr.o
LOAD obj/main/NAZE/stm32f10x_rtc.o
LOAD obj/main/NAZE/stm32f10x_dac.o
LOAD obj/main/NAZE/stm32f10x_dbgmcu.o
LOAD obj/main/NAZE/stm32f10x_dma.o
LOAD c:/dev/gcc-arm-none-eabi-4_8-2014q2/bin/../lib/gcc/arm-none-eabi/4.8.4/../../../../arm-none-eabi/lib/armv7-m\libm.a
LOAD c:/dev/gcc-arm-none-eabi-4_8-2014q2/bin/../lib/gcc/arm-none-eabi/4.8.4/../../../../arm-none-eabi/lib/armv7-m\libc_s.a
LOAD c:/dev/gcc-arm-none-eabi-4_8-2014q2/bin/../lib/gcc/arm-none-eabi/4.8.4/../../../../arm-none-eabi/lib/armv7-m\libnosys.a
START GROUP
LOAD c:/dev/gcc-arm-none-eabi-4_8-2014q2/bin/../lib/gcc/arm-none-eabi/4.8.4/armv7-m\libgcc.a
LOAD c:/dev/gcc-arm-none-eabi-4_8-2014q2/bin/../lib/gcc/arm-none-eabi/4.8.4/../../../../arm-none-eabi/lib/armv7-m\libg_s.a
LOAD c:/dev/gcc-arm-none-eabi-4_8-2014q2/bin/../lib/gcc/arm-none-eabi/4.8.4/../../../../arm-none-eabi/lib/armv7-m\libc_s.a
END GROUP
START GROUP
LOAD c:/dev/gcc-arm-none-eabi-4_8-2014q2/bin/../lib/gcc/arm-none-eabi/4.8.4/armv7-m\libgcc.a
LOAD c:/dev/gcc-arm-none-eabi-4_8-2014q2/bin/../lib/gcc/arm-none-eabi/4.8.4/../../../../arm-none-eabi/lib/armv7-m\libc_s.a
END GROUP
                0x20005000                _estack = (ORIGIN (RAM) + 0x5000)
                0x0801f000                __config_start = (ORIGIN (FLASH) + 0x1f000)
                0x08020000                __config_end = (ORIGIN (FLASH_CONFIG) + 0x1000)
                0x00000000                _Min_Heap_Size = 0x0
                0x00000400                _Min_Stack_Size = 0x400

.isr_vector     0x08000000      0x10c
                0x08000000                . = ALIGN (0x4)
                0x08000000                PROVIDE (isr_vector_table_base, .)
 *(.isr_vector)
 .isr_vector    0x08000000      0x10c obj/main/NAZE/startup_stm32f10x_md_gcc.o
                0x08000000                g_pfnVectors
                0x0800010c                . = ALIGN (0x4)

.text           0x08000110    0x1e050
                0x08000110                . = ALIGN (0x4)
 *(.text)
 .text          0x08000110     0x1ca0 C:\cygwin64\tmp\ccWFxnfo.ltrans1.ltrans.o
                0x08000110                mspSerialProcess
 .text          0x08001db0     0x1d30 C:\cygwin64\tmp\ccWFxnfo.ltrans2.ltrans.o
                0x08001db0                taskPid
 .text          0x08003ae0     0x1510 C:\cygwin64\tmp\ccWFxnfo.ltrans3.ltrans.o
                0x08003ae0                taskTelemetry
 .text          0x08004ff0     0x1294 C:\cygwin64\tmp\ccWFxnfo.ltrans4.ltrans.o
                0x08004ff0                taskUpdateRxMain
 .text          0x08006284      0xe34 C:\cygwin64\tmp\ccWFxnfo.ltrans5.ltrans.o
                0x0800637c                cliColor.16497
                0x08006440                cliModeColor.16492
                0x080064fc                cliMixer.16447
                0x08006598                cliSet.16453
                0x08006770                cliMap.16424
                0x08006808                cliMotorMix.16421
                0x08006a08                cliMotor.16418
                0x08006aa4                gpsNewFrame
                0x0800708a                tfp_sprintf.constprop.90
 .text          0x080070b8      0xc84 C:\cygwin64\tmp\ccWFxnfo.ltrans6.ltrans.o
                0x080070b8                ws2811DMAHandler
                0x08007136                nopConsumer.20174
                0x08007138                taskSystem
                0x08007170                srxlDataReceive.17987
                0x080071fc                ibusDataReceive.17892
                0x0800723c                xBusDataReceive.17785
                0x080072bc                spektrumDataReceive.17640
                0x08007308                sumhDataReceive.17536
                0x0800734c                itoa.constprop.0
                0x0800736a                ftoa
                0x08007438                DMA_StructInit
                0x08007452                DMA_Init
                0x0800748e                DMA_DeInit
                0x0800757c                RCC_GetClocksFreq
                0x08007610                RCC_APB1PeriphResetCmd.part.6.22391
                0x08007620                write_word.19021
                0x080076f0                config_streamer_write
                0x08007726                TIM_ICInit
                0x0800794c                pwmICConfig
                0x08007988                pwmEdgeCallback.6811
                0x080079e0                NVIC_Init.part.0.21479
                0x08007a2c                GPIO_Init
                0x08007ac8                serialRemovePort
                0x08007af4                closeSerialPort
                0x08007b18                determinePortSharing
                0x08007b2c                findSerialPortUsageByIdentifier
                0x08007b48                setTaskEnabled
                0x08007c14                delayMicroseconds
                0x08007c2a                delay
                0x08007c3e                waitForSerialPortToFinishTransmitting
                0x08007c54                failureMode
                0x08007cf8                mpu3050Init.5110
 .text          0x08007d3c      0xfa8 C:\cygwin64\tmp\ccWFxnfo.ltrans7.ltrans.o
                0x08007d3c                pgResetFn_voltageMeterConfig
                0x08007d4c                pgResetFn_accelerometerConfig
                0x08007d80                srxlReadRawRC.17990
                0x08007d8c                ibusFrameStatus
                0x08007df0                ibusReadRawRC.17895
                0x08007e00                xBusReadRawRC.17788
                0x08007e14                spektrumReadRawRC.17652
                0x08007e40                spektrumFrameStatus
                0x08007ea8                sumhFrameStatus
                0x08007f0c                sumhReadRawRC.17539
                0x08007f24                sumdFrameStatus
                0x08007f9c                sumdReadRawRC.17438
                0x08007fb0                sbusFrameStatus
                0x080080e8                sbusReadRawRC.17309
                0x08008114                rxMspFrameStatus
                0x08008128                rxMspReadRawRC.17252
                0x08008134                pwmReadRawRC.17222
                0x08008140                ppmReadRawRC.17206
                0x0800814c                nullFrameStatus.16991
                0x08008150                nullReadRawRC.16987
                0x08008154                pgResetFn_channelRanges
                0x0800816c                taskGyroCheck
                0x080081bc                mpuIntExtiHandler
                0x080081ec                beepInverted.15518
                0x08008200                beepNormal.15514
                0x08008214                pgResetFn_servoProfile
                0x08008234                taskHardwareWatchdog
                0x08008236                taskPidCheck
                0x08008270                pgResetFn_colors
                0x08008284                pgResetFn_gpsConfig
                0x0800828a                pgResetFn_amperageMeterConfig
                0x08008298                pgResetFn_serialConfig
                0x080082e4                pgResetFn_controlRateProfiles
                0x08008304                pgResetFn_specialColors
                0x08008310                pgResetFn_modeColors
                0x0800831c                pgResetFn_ledConfigs
                0x08008328                alignSensors
                0x08008444                crc16Byte.16023
                0x08008468                systemBeep
                0x08008478                IOGetByTag
                0x080084c8                EXTI_IRQHandler
                0x08008500                loadCustomServoMixer
                0x0800854c                determineServoMiddleOrForwardFromChannel
                0x08008580                imuComputeRotationMatrix.14611
                0x080086ac                getdT
                0x080086e0                findBoxByBoxId.13379
                0x080086fc                generateThrottleCurve
                0x0800878c                generateYawCurve
                0x080087c0                generatePitchRollCurve
                0x080087fc                rcModeIsActivationConditionPresent
                0x0800881e                featureClear
                0x08008830                blackboxAdvanceIterationTimers.10740
                0x0800886c                mavlinkStreamTrigger.9898
                0x080088a8                crc_accumulate.9869
                0x080088c4                GPStoDDDMM_MMMM.9000
                0x08008918                getLedQuadrant.8593
                0x080089a8                shiftPacketLog.8191
                0x080089c0                GPS_distance_cm_bearing.isra.3.7934
                0x08008a44                GPS_calc_longitude_scaling.7910
                0x08008a80                GPS_reset_home_position
                0x08008ad4                gpsUsePIDs
                0x08008b74                wrap_18000.7902
                0x08008b98                flashfsGetDirtyDataBuffers.7621
                0x08008bd0                flashfsGetOffset
                0x08008bf0                flashfsTransmitBufferUsed.7617
                0x08008c10                flashfsClearBuffer.7613
                0x08008c24                timCCxHandler.7328
                0x08008caa                lookupTimerIndex.7318
 .text          0x08008ce4      0xbf0 C:\cygwin64\tmp\ccWFxnfo.ltrans8.ltrans.o
                0x08008ce4                xBusFrameStatus
                0x08008dd4                tfp_format
                0x08008f5c                cliPrintf.16316
                0x08008f84                cliPrintVar.16383
                0x08009058                cliGet.16390
                0x080090b4                dumpValues.16387
                0x080090f8                cliServo.16347
                0x08009208                cliServoMix.16344
                0x080094f8                cliHelp.16332
                0x0800953c                cliShowArgumentRangeError.16322
                0x08009554                cliRxRange.16415
                0x08009610                cliVersion.16319
                0x08009644                tfp_printf
                0x08009684                mavlinkSerialWrite.10011.constprop.83
                0x080096a8                mavlink_msg_to_send_buffer.9921.constprop.82
                0x080096d4                mavlink_finalize_message_chan.9883.constprop.80
                0x0800976c                sonarRead
                0x080097f4                getLatestVoltageForADCChannel.constprop.55
                0x08009824                suspendRxSignal
                0x08009854                parseRcChannels.constprop.26
                0x08009888                findNextSharedSerialPort.constprop.22
 .text          0x080098d4      0x9b4 C:\cygwin64\tmp\ccWFxnfo.ltrans9.ltrans.o
                0x080098d4                taskProcessGPS
                0x08009b78                gpsHandlePassthrough.8171
                0x08009c48                cliFeature.16436
                0x08009d3c                blackboxLogIteration.10760
 .text          0x0800a288      0x9d4 C:\cygwin64\tmp\ccWFxnfo.ltrans10.ltrans.o
                0x0800a2e4                cliPutp.16311
                0x0800a302                beeperSilence
                0x0800a344                beeper
                0x0800a388                taskUpdateBattery
                0x0800a5c0                beeperConfirmationBeeps
                0x0800a5f0                enableFlightMode
                0x0800a610                failsafeActivate.14251
                0x0800a64c                disableFlightMode
                0x0800a66c                GPS_set_next_wp
                0x0800a6f8                EXTIConfig
                0x0800a7f0                timerConfigure
                0x0800a842                openSoftSerial
                0x0800a99e                cliWrite.16335
                0x0800a9c0                pwmOutConfig.6599
 .text          0x0800ac5c      0xb0c C:\cygwin64\tmp\ccWFxnfo.ltrans11.ltrans.o
                0x0800ac5c                applyLarsonScannerLayer.8645
                0x0800ad0c                taskUpdateBaro
                0x0800addc                taskLedStrip
                0x0800b08c                taskUpdateSonar
                0x0800b0d0                taskCalculateAltitude
                0x0800b5dc                mpu6500ReadRegister
                0x0800b608                reevaluateLedConfig
                0x0800b6c4                isCalibrating
                0x0800b6fc                m25p16_waitForReady
                0x0800b71c                m25p16_readBytes
 .text          0x0800b768      0xb10 C:\cygwin64\tmp\ccWFxnfo.ltrans12.ltrans.o
                0x0800b768                pgResetFn_failsafeChannelConfigs
                0x0800b828                applyLedWarningLayer.8620
                0x0800b8ec                applyLedGpsLayer.8624
                0x0800b980                applyLedBatteryLayer.8679
                0x0800b9dc                cliStatus.16341
                0x0800bb4a                cliRxFail.16403
                0x0800bc64                cliAdjustmentRange.16471
                0x0800bd8c                cliAux.16465
                0x0800be68                uartSetMode
                0x0800be6e                uartSetBaudRate
                0x0800be74                dmaSetHandler
                0x0800bed0                calculateThrottleStatus.constprop.61
                0x0800bf10                getRxfailValue.17024
                0x0800bf78                calculateMotorOff
                0x0800bf9c                mixerResetDisarmedMotors
                0x0800bfb4                writeMotors
                0x0800c060                stopMotors
                0x0800c094                cliReboot.16398
                0x0800c0d0                cliExit.16439
                0x0800c110                mspRebootFn
                0x0800c130                telemetryDetermineEnabledState
                0x0800c164                bmp085InitXCLRGpio
                0x0800c194                resumeRxSignal
                0x0800c1c4                isRangeActive.part.0.12758
                0x0800c20c                batteryCapacityRemainingPercentage
                0x0800c25c                gpsSetState.8203
 .text          0x0800c278      0x920 C:\cygwin64\tmp\ccWFxnfo.ltrans13.ltrans.o
                0x0800c278                spiTransfer.constprop.140
                0x0800c2d8                m25p16_isReady
                0x0800c320                spiTransferByte.constprop.139
                0x0800c358                mpu6500WriteRegister
                0x0800c378                i2cInit
                0x0800c598                i2cWrite
                0x0800c61c                bmp280_start_up.5658
                0x0800c624                ms5611_start_up.5582
                0x0800c62c                ms5611_start_ut.5584
                0x0800c634                bmp085_start_up.5454
                0x0800c658                bmp085_start_ut.5456
                0x0800c66c                mpuWriteRegisterI2C.5022
                0x0800c676                mma8452Init.4961
                0x0800c704                bma280Init.4874
                0x0800c724                adxl345Init.4837
                0x0800c778                i2cRead
                0x0800c7f8                hmc5883lRead
                0x0800c870                bmp280_get_up.5656
                0x0800c8e4                ms5611_get_ut.5577
                0x0800c8f4                ms5611_get_up.5575
                0x0800c904                bmp085_get_up.5460
                0x0800c950                bmp085_get_ut.5464
                0x0800c984                mpuReadRegisterI2C.5026
                0x0800c998                mma8452Read.4953
                0x0800c9f2                bma280Read.4868
                0x0800ca38                adxl345Read.4831
                0x0800cb08                i2c_er_handler.4173
 .text          0x0800cb98      0xbc0 C:\cygwin64\tmp\ccWFxnfo.ltrans14.ltrans.o
                0x0800cb98                putcp.19435
                0x0800cba2                biquadFilterApply
                0x0800cbfa                nullFilterApply
                0x0800cbfe                micros
                0x0800cc34                sumdDataReceive.17430
                0x0800ccc4                sbusDataReceive.17306
                0x0800cd64                BL_SendBuf.16032
                0x0800cdd4                hcsr04_extiHandler
                0x0800ce0c                serialEndWrite
                0x0800ce18                serialBeginWrite
                0x0800ce24                serialSetMode
                0x0800ce2e                isSerialTransmitBufferEmpty
                0x0800ce38                serialSetBaudRate
                0x0800ce42                serialRead
                0x0800ce4c                serialTxBytesFree
                0x0800ce56                serialRxBytesWaiting
                0x0800ce60                flushHottRxBuffer.9364
                0x0800ce7c                serialWrite
                0x0800ce86                serialWriteBuf
                0x0800ceba                serialWriteBufShim
                0x0800cebc                writeByte.15769
                0x0800cedc                writeByteCrc.15805
                0x0800cf10                _putc.19447
                0x0800cf1c                transmitIbusPacket.10304
                0x0800cf74                sendIbusMeasurement.10314
                0x0800cf9c                ltm_initialise_packet.9721
                0x0800cfcc                ltm_serialise_8.9724
                0x0800cff0                ltm_serialise_32.9730
                0x0800d012                ltm_serialise_16.9727
                0x0800d024                ltm_finalise.9733
                0x0800d074                smartPortSendPackage.9552
                0x0800d0dc                sendDataHead.9008
                0x0800d0f8                sendTelemetryTail.9011
                0x0800d134                serialize16.9018
                0x0800d14a                sendLatLong.9039
                0x0800d1c2                DMA_IRQHandler
                0x0800d1d8                bufWriterFlush
                0x0800d1f0                cliPrint.16327
                0x0800d21c                cliPrompt.16396
                0x0800d238                cliShowParseError.16330
                0x0800d240                fastA2F
                0x0800d36c                ui2a
                0x0800d3bc                uli2a
                0x0800d40c                _i2a.19603
                0x0800d434                sbufWriteData
                0x0800d448                sbufReadU32
                0x0800d474                sbufReadU16
                0x0800d48a                sbufWriteU32
                0x0800d4b2                sbufWriteU16
                0x0800d4c6                putchw.19439
                0x0800d51a                applyDeadband
                0x0800d538                biquadFilterInit.19253
                0x0800d63c                biquadFilterInitLPF
                0x0800d654                biquadFilterCalculateNotchQ.19247
                0x0800d69c                pgResetInstance.19078
                0x0800d6e0                pgResetCurrent
                0x0800d6f2                cliVarPtr.16350
 .text          0x0800d758      0xe68 C:\cygwin64\tmp\ccWFxnfo.ltrans15.ltrans.o
                0x0800d758                srxlFrameStatus
                0x0800d7ec                taskUpdateAttitude
                0x0800e14c                taskUpdateRxCheck
                0x0800e2a4                cliRateProfile.16476
                0x0800e2f8                cliDefaults.16442
                0x0800e314                findSerialPortConfig
                0x0800e34c                pidInitFilters
                0x0800e3d0                suart_getc.16039
                0x0800e458                BL_GetACK.16046
                0x0800e470                BL_SendCMDSetAddress.isra.1.16057
                0x0800e4b2                BL_WriteA.16072
                0x0800e52a                BL_ReadA.16064
 .text          0x0800e5c0      0x844 C:\cygwin64\tmp\ccWFxnfo.ltrans16.ltrans.o
                0x0800e5c0                applyLedThrustRingLayer.8612
                0x0800e664                cliFlashInfo.16430
                0x0800e69c                uartReconfigure.4503
                0x0800e7b4                timerChConfigCallbacks
                0x0800e85c                i2c_ev_handler.4159
                0x0800eb08                uartStartTxDMA
                0x0800eb3a                UART_TX_DMA_IRQHandler
                0x0800eb76                ws2811UpdateStrip
                0x0800ec64                applyLedHsv.8616
                0x0800ec98                applyLedRssiLayer.8661
                0x0800ed00                loadMainState.10734
 .text          0x0800ee04      0xa14 C:\cygwin64\tmp\ccWFxnfo.ltrans17.ltrans.o
                0x0800ee04                sensorsAutodetect
 .text          0x0800f818      0x8dc C:\cygwin64\tmp\ccWFxnfo.ltrans18.ltrans.o
                0x0800fa28                msp4WayIfFn
                0x0800fa3c                flashfsFlushSync
                0x0800fa6c                flashfsFlushAsync
                0x0800faac                blackboxDeviceReserveBufferSpace
                0x0800fb08                blackboxDeviceFlushForce
                0x0800fb28                blackboxWrite
                0x0800fb74                sendFieldDefinition.10713
                0x0800fce0                blackboxWriteTag2_3S32
                0x0800fe16                blackboxWriteUnsignedVB
                0x0800fe34                blackboxWriteSignedVB
                0x0800fe3c                blackboxLogEvent
                0x0800feec                blackboxLogInflightAdjustmentEvent
                0x0800ff14                setAdjustment.12571.constprop.20
                0x0800ff32                mwDisarm
                0x0800ff9c                writeGPSFrame.10711
                0x08010028                blackboxWriteSigned16VBArray.constprop.57
                0x08010046                blackboxWriteSignedVBArray.constprop.56
                0x0801005e                blackboxWriteMainStateArrayUsingAveragePredictor.10705
                0x080100a0                blackboxPrintfHeaderLine
                0x080100f0                _putc.11114
 .text          0x080100f4      0xa80 C:\cygwin64\tmp\ccWFxnfo.ltrans19.ltrans.o
                0x080100f4                taskGyro
                0x080103e8                ReadBit.16147
                0x08010498                StkSendByte.16139
                0x0801052c                StkSendPacketFooter.16145
                0x0801056c                EXTIEnable
                0x08010598                hmc5883lInit
                0x08010830                mpu6500AccInit
                0x08010840                mpu6500GyroInit
                0x08010900                mpu6050AccInit.5156
                0x08010928                mpu6050GyroInit.5173
                0x080109b0                mspSerialReleasePortIfAllocated
                0x080109e8                serialPassthrough.constprop.94
                0x08010b28                cliGpsPassthrough.16427
                0x08010b64                mspSerialPassthroughFn
 .text          0x08010b74      0x978 C:\cygwin64\tmp\ccWFxnfo.ltrans20.ltrans.o
                0x08010b74                cliProfile.16481
                0x08010ba8                cliDump.16500
                0x08010f0c                esc4wayProcess
 .text          0x080114ec      0x81c C:\cygwin64\tmp\ccWFxnfo.ltrans21.ltrans.o
                0x080114ec                ppmOverflowCallback.6815
                0x0801152c                applyLedBlinkLayer.8667
                0x080115a8                uartWrite
                0x080115d6                cliLed.16486
                0x080117f8                applyLedIndicatorLayer.8673
                0x080118c8                mspSerialEncode
                0x08011950                doesConfigurationUsePort
                0x08011978                configTimeBase
                0x08011a20                pgActivateProfile
                0x08011a58                blackboxPrintf
                0x08011a7c                isBlackboxDeviceFull
                0x08011aa8                serialICConfig.7092
                0x08011ace                onSerialTimer
                0x08011be0                onSerialRxPinChange
                0x08011c7c                scanEEPROM.part.4.19147
                0x08011cc4                pgReset
                0x08011cde                flashfsAdvanceTailInBuffer.7625
 .text          0x08011d08      0x848 C:\cygwin64\tmp\ccWFxnfo.ltrans22.ltrans.o
                0x08011d08                cliSerial.16393
                0x08011e58                cliTasks.16338
                0x08011f54                resetConf.13112
                0x0801201c                writeEEPROM
                0x08012214                cliSave.16400
                0x0801222c                usartIrqHandler
                0x08012292                StkSendPacketHeader.16142
                0x080122f4                readByteCrc.15803
                0x08012338                StkRcvPacket.16159
                0x08012420                Stk_SignOn
                0x0801244c                _CMD_LOAD_ADDRESS.isra.1.16182
                0x080124a0                _CMD_PROGRAM_MEM_ISP.16176
                0x08012518                _CMD_READ_MEM_ISP.16168
 .text          0x08012550      0x6d8 C:\cygwin64\tmp\ccWFxnfo.ltrans23.ltrans.o
                0x080128ae                openSerialPort
                0x0801293c                telemetryCheckState
                0x08012bfc                workAroundForHottTelemetryOnUsart.isra.0.9375
 .text          0x08012c28      0x8e8 C:\cygwin64\tmp\ccWFxnfo.ltrans24.ltrans.o
                0x08012c28                taskUpdateBeeper
                0x08012d48                gpsNewData.part.2.8213
                0x080134a0                flashfsEraseCompletely
                0x080134e4                cliFlashErase.16433
 .text          0x08013510      0x784 C:\cygwin64\tmp\ccWFxnfo.ltrans25.ltrans.o
                0x08013510                readEEPROM
                0x080138fc                changeProfile
                0x08013918                saveConfigAndNotify
                0x0801392c                taskUpdateCompass
                0x08013a6c                taskUpdateAccelerometer
 .text          0x08013c94      0x938 C:\cygwin64\tmp\ccWFxnfo.ltrans26.ltrans.o
                0x08013c94                softSerialWriteByte
                0x08013cb2                softSerialTxBytesFree
                0x08013cd4                softSerialRxBytesWaiting
                0x08013cee                softSerialReadByte
                0x08013d1a                isSoftSerialTransmitBufferEmpty
                0x08013d26                softSerialSetMode
                0x08013d2a                ppmEdgeCallback.6819
                0x08013e98                pwmOverflowCallback.6807
                0x08013ec0                pwmWriteStandard.6532
                0x08013ed0                pwmWriteBrushed.6528
                0x08013ef4                hmc5883_extiHandler
                0x08013ef6                bmp280_calculate.5652
                0x080140d4                bmp280_get_ut.5644
                0x080140d6                bmp280_start_ut.5642
                0x080140d8                ms5611_calculate.5569
                0x08014280                bmp085_calculate.5448
                0x0801435c                bmp085_extiHandler
                0x08014368                mpu6500ReadTemp.5226
                0x080143a0                mpu3050ReadTemp.5104
                0x080143d8                mpuGyroRead
                0x08014420                mpuAccRead
                0x08014468                uartRead
                0x08014498                uartTotalRxBytesWaiting
                0x080144b8                isUartTransmitBufferEmpty
                0x080144ce                uartTotalTxBytesFree
                0x080144f6                applyChangedBits
                0x08014520                setTxSignal
                0x08014540                pwmWriteServo
                0x08014558                gpioInit
 .text          0x080145cc      0x334 C:\cygwin64\tmp\ccWFxnfo.ltrans27.ltrans.o
                0x080145cc                mwArm
 .text          0x08014900      0x424 C:\cygwin64\tmp\ccWFxnfo.ltrans28.ltrans.o
                0x08014900                cliSerialPassthrough.16459
                0x08014a3c                taskHandleSerial
                0x08014c5c                mspSerialAllocatePorts
 .text          0x08014d24      0x134 C:\cygwin64\tmp\ccWFxnfo.ltrans29.ltrans.o
                0x08014d24                initSpi2
                0x08014dd0                spektrumInit.constprop.42
 .text          0x08014e58      0x1b8 C:\cygwin64\tmp\ccWFxnfo.ltrans30.ltrans.o
                0x08014e58                sinf
                0x08014f40                cosf
                0x08014f54                EXTI15_10_IRQHandler
                0x08014f58                EXTI9_5_IRQHandler
                0x08014f5c                EXTI4_IRQHandler
                0x08014f60                EXTI3_IRQHandler
                0x08014f64                EXTI2_IRQHandler
                0x08014f68                EXTI1_IRQHandler
                0x08014f6c                EXTI0_IRQHandler
                0x08014f70                HardFault_Handler
                0x08014f8c                TIM4_IRQHandler
                0x08014f9c                TIM3_IRQHandler
                0x08014fac                TIM2_IRQHandler
                0x08014fbc                TIM1_UP_IRQHandler
                0x08014fcc                TIM1_CC_IRQHandler
                0x08014fdc                USART3_IRQHandler
                0x08014fe8                USART2_IRQHandler
                0x08014ff4                USART1_IRQHandler
                0x08015000                I2C2_ER_IRQHandler
                0x08015004                I2C1_ER_IRQHandler
                0x08015008                I2C2_EV_IRQHandler
                0x0801500c                I2C1_EV_IRQHandler
 .text          0x08015010      0x22c C:\cygwin64\tmp\ccWFxnfo.ltrans31.ltrans.o
                0x08015010                SystemInit
                0x0801505c                SysTick_Handler
                0x0801506c                DMA1_Channel7_IRQHandler
                0x08015078                DMA1_Channel6_IRQHandler
                0x08015084                DMA1_Channel5_IRQHandler
                0x08015090                DMA1_Channel4_IRQHandler
                0x0801509c                DMA1_Channel3_IRQHandler
                0x080150a8                DMA1_Channel2_IRQHandler
                0x080150b4                DMA1_Channel1_IRQHandler
                0x080150c0                acosf
                0x08015138                atan2f
 .text          0x0801523c      0x370 c:/dev/gcc-arm-none-eabi-4_8-2014q2/bin/../lib/gcc/arm-none-eabi/4.8.4/armv7-m\libgcc.a(_arm_addsubdf3.o)
                0x0801523c                __aeabi_drsub
                0x08015244                __aeabi_dsub
                0x08015244                __subdf3
                0x08015248                __aeabi_dadd
                0x08015248                __adddf3
                0x080154c0                __floatunsidf
                0x080154c0                __aeabi_ui2d
                0x080154e0                __floatsidf
                0x080154e0                __aeabi_i2d
                0x08015504                __aeabi_f2d
                0x08015504                __extendsfdf2
                0x08015540                __floatundidf
                0x08015540                __aeabi_ul2d
                0x08015550                __floatdidf
                0x08015550                __aeabi_l2d
 .text          0x080155ac      0x424 c:/dev/gcc-arm-none-eabi-4_8-2014q2/bin/../lib/gcc/arm-none-eabi/4.8.4/armv7-m\libgcc.a(_arm_muldivdf3.o)
                0x080155ac                __aeabi_dmul
                0x080155ac                __muldf3
                0x08015800                __divdf3
                0x08015800                __aeabi_ddiv
 .text          0x080159d0       0xa0 c:/dev/gcc-arm-none-eabi-4_8-2014q2/bin/../lib/gcc/arm-none-eabi/4.8.4/armv7-m\libgcc.a(_arm_truncdfsf2.o)
                0x080159d0                __truncdfsf2
                0x080159d0                __aeabi_d2f
 .text          0x08015a70      0x21c c:/dev/gcc-arm-none-eabi-4_8-2014q2/bin/../lib/gcc/arm-none-eabi/4.8.4/armv7-m\libgcc.a(_arm_addsubsf3.o)
                0x08015a70                __aeabi_frsub
                0x08015a78                __subsf3
                0x08015a78                __aeabi_fsub
                0x08015a7c                __aeabi_fadd
                0x08015a7c                __addsf3
                0x08015bdc                __aeabi_ui2f
                0x08015bdc                __floatunsisf
                0x08015be4                __aeabi_i2f
                0x08015be4                __floatsisf
                0x08015c00                __aeabi_ul2f
                0x08015c00                __floatundisf
                0x08015c10                __aeabi_l2f
                0x08015c10                __floatdisf
 .text          0x08015c8c      0x2a0 c:/dev/gcc-arm-none-eabi-4_8-2014q2/bin/../lib/gcc/arm-none-eabi/4.8.4/armv7-m\libgcc.a(_arm_muldivsf3.o)
                0x08015c8c                __mulsf3
                0x08015c8c                __aeabi_fmul
                0x08015df4                __aeabi_fdiv
                0x08015df4                __divsf3
 .text          0x08015f2c       0xec c:/dev/gcc-arm-none-eabi-4_8-2014q2/bin/../lib/gcc/arm-none-eabi/4.8.4/armv7-m\libgcc.a(_arm_cmpsf2.o)
                0x08015f2c                __gesf2
                0x08015f2c                __gtsf2
                0x08015f34                __lesf2
                0x08015f34                __ltsf2
                0x08015f3c                __nesf2
                0x08015f3c                __eqsf2
                0x08015f3c                __cmpsf2
                0x08015f9c                __aeabi_cfrcmple
                0x08015fa4                __aeabi_cfcmpeq
                0x08015fa4                __aeabi_cfcmple
                0x08015fb4                __aeabi_fcmpeq
                0x08015fc8                __aeabi_fcmplt
                0x08015fdc                __aeabi_fcmple
                0x08015ff0                __aeabi_fcmpge
                0x08016004                __aeabi_fcmpgt
 .text          0x08016018       0x4c c:/dev/gcc-arm-none-eabi-4_8-2014q2/bin/../lib/gcc/arm-none-eabi/4.8.4/armv7-m\libgcc.a(_arm_fixsfsi.o)
                0x08016018                __aeabi_f2iz
                0x08016018                __fixsfsi
 .text          0x08016064       0x40 c:/dev/gcc-arm-none-eabi-4_8-2014q2/bin/../lib/gcc/arm-none-eabi/4.8.4/armv7-m\libgcc.a(_arm_fixunssfsi.o)
                0x08016064                __fixunssfsi
                0x08016064                __aeabi_f2uiz
 .text          0x080160a4       0x38 c:/dev/gcc-arm-none-eabi-4_8-2014q2/bin/../lib/gcc/arm-none-eabi/4.8.4/armv7-m\libgcc.a(_aeabi_ldivmod.o)
                0x080160a4                __aeabi_ldivmod
 .text          0x080160dc       0x24 c:/dev/gcc-arm-none-eabi-4_8-2014q2/bin/../lib/gcc/arm-none-eabi/4.8.4/armv7-m\libgcc.a(_popcountsi2.o)
                0x080160dc                __popcountsi2
 .text          0x08016100       0x60 c:/dev/gcc-arm-none-eabi-4_8-2014q2/bin/../lib/gcc/arm-none-eabi/4.8.4/armv7-m\libgcc.a(bpabi.o)
                0x08016100                __gnu_ldivmod_helper
                0x08016130                __gnu_uldivmod_helper
 .text          0x08016160        0x4 c:/dev/gcc-arm-none-eabi-4_8-2014q2/bin/../lib/gcc/arm-none-eabi/4.8.4/armv7-m\libgcc.a(_dvmd_tls.o)
                0x08016160                __aeabi_idiv0
                0x08016160                __aeabi_ldiv0
 .text          0x08016164      0x2a0 c:/dev/gcc-arm-none-eabi-4_8-2014q2/bin/../lib/gcc/arm-none-eabi/4.8.4/armv7-m\libgcc.a(_divdi3.o)
                0x08016164                __divdi3
 .text          0x08016404      0x290 c:/dev/gcc-arm-none-eabi-4_8-2014q2/bin/../lib/gcc/arm-none-eabi/4.8.4/armv7-m\libgcc.a(_udivdi3.o)
                0x08016404                __udivdi3
 .text          0x08016694      0x110 c:/dev/gcc-arm-none-eabi-4_8-2014q2/bin/../lib/gcc/arm-none-eabi/4.8.4/armv7-m\libgcc.a(_arm_cmpdf2.o)
                0x08016694                __gtdf2
                0x08016694                __gedf2
                0x0801669c                __ltdf2
                0x0801669c                __ledf2
                0x080166a4                __nedf2
                0x080166a4                __eqdf2
                0x080166a4                __cmpdf2
                0x08016720                __aeabi_cdrcmple
                0x08016730                __aeabi_cdcmpeq
                0x08016730                __aeabi_cdcmple
                0x08016740                __aeabi_dcmpeq
                0x08016754                __aeabi_dcmplt
                0x08016768                __aeabi_dcmple
                0x0801677c                __aeabi_dcmpge
                0x08016790                __aeabi_dcmpgt
 *(.text*)
 .text.Reset_Handler
                0x080167a4       0xac obj/main/NAZE/startup_stm32f10x_md_gcc.o
                0x080167a4                Reset_Handler
 .text.Default_Handler
                0x08016850        0x4 obj/main/NAZE/startup_stm32f10x_md_gcc.o
                0x08016850                DebugMon_Handler
                0x08016850                PVD_IRQHandler
                0x08016850                PendSV_Handler
                0x08016850                NMI_Handler
                0x08016850                UsageFault_Handler
                0x08016850                ADC1_2_IRQHandler
                0x08016850                SPI1_IRQHandler
                0x08016850                TAMPER_IRQHandler
                0x08016850                RTC_IRQHandler
                0x08016850                CAN1_RX1_IRQHandler
                0x08016850                RCC_IRQHandler
                0x08016850                TIM1_TRG_COM_IRQHandler
                0x08016850                Default_Handler
                0x08016850                SPI2_IRQHandler
                0x08016850                MemManage_Handler
                0x08016850                SVC_Handler
                0x08016850                USB_LP_CAN1_RX0_IRQHandler
                0x08016850                USB_HP_CAN1_TX_IRQHandler
                0x08016850                WWDG_IRQHandler
                0x08016850                TIM1_BRK_IRQHandler
                0x08016850                RTCAlarm_IRQHandler
                0x08016850                CAN1_SCE_IRQHandler
                0x08016850                FLASH_IRQHandler
                0x08016850                BusFault_Handler
                0x08016850                USBWakeUp_IRQHandler
 .text.startup  0x08016854     0x1f30 C:\cygwin64\tmp\ccWFxnfo.ltrans0.ltrans.o
                0x08016854                main
 .text.memcmp   0x08018784       0x1e c:/dev/gcc-arm-none-eabi-4_8-2014q2/bin/../lib/gcc/arm-none-eabi/4.8.4/../../../../arm-none-eabi/lib/armv7-m\libg_s.a(lib_a-memcmp.o)
                0x08018784                memcmp
 .text.memmove  0x080187a2       0x36 c:/dev/gcc-arm-none-eabi-4_8-2014q2/bin/../lib/gcc/arm-none-eabi/4.8.4/../../../../arm-none-eabi/lib/armv7-m\libg_s.a(lib_a-memmove.o)
                0x080187a2                memmove
 .text.memset   0x080187d8       0x10 c:/dev/gcc-arm-none-eabi-4_8-2014q2/bin/../lib/gcc/arm-none-eabi/4.8.4/../../../../arm-none-eabi/lib/armv7-m\libg_s.a(lib_a-memset.o)
                0x080187d8                memset
 .text.strcasecmp
                0x080187e8       0x3c c:/dev/gcc-arm-none-eabi-4_8-2014q2/bin/../lib/gcc/arm-none-eabi/4.8.4/../../../../arm-none-eabi/lib/armv7-m\libg_s.a(lib_a-strcasecmp.o)
                0x080187e8                strcasecmp
 .text.strcat   0x08018824       0x1a c:/dev/gcc-arm-none-eabi-4_8-2014q2/bin/../lib/gcc/arm-none-eabi/4.8.4/../../../../arm-none-eabi/lib/armv7-m\libg_s.a(lib_a-strcat.o)
                0x08018824                strcat
 .text.strchr   0x0801883e       0x1a c:/dev/gcc-arm-none-eabi-4_8-2014q2/bin/../lib/gcc/arm-none-eabi/4.8.4/../../../../arm-none-eabi/lib/armv7-m\libg_s.a(lib_a-strchr.o)
                0x0801883e                strchr
 .text.strlen   0x08018858       0x10 c:/dev/gcc-arm-none-eabi-4_8-2014q2/bin/../lib/gcc/arm-none-eabi/4.8.4/../../../../arm-none-eabi/lib/armv7-m\libg_s.a(lib_a-strlen.o)
                0x08018858                strlen
 .text.strncasecmp
                0x08018868       0x44 c:/dev/gcc-arm-none-eabi-4_8-2014q2/bin/../lib/gcc/arm-none-eabi/4.8.4/../../../../arm-none-eabi/lib/armv7-m\libg_s.a(lib_a-strncasecmp.o)
                0x08018868                strncasecmp
 .text.strncpy  0x080188ac       0x24 c:/dev/gcc-arm-none-eabi-4_8-2014q2/bin/../lib/gcc/arm-none-eabi/4.8.4/../../../../arm-none-eabi/lib/armv7-m\libg_s.a(lib_a-strncpy.o)
                0x080188ac                strncpy
 .text.strstr   0x080188d0       0x32 c:/dev/gcc-arm-none-eabi-4_8-2014q2/bin/../lib/gcc/arm-none-eabi/4.8.4/../../../../arm-none-eabi/lib/armv7-m\libg_s.a(lib_a-strstr.o)
                0x080188d0                strstr
 .text.atoi     0x08018902        0x8 c:/dev/gcc-arm-none-eabi-4_8-2014q2/bin/../lib/gcc/arm-none-eabi/4.8.4/../../../../arm-none-eabi/lib/armv7-m\libc_s.a(lib_a-atoi.o)
                0x08018902                atoi
 .text.memcpy   0x0801890a       0x12 c:/dev/gcc-arm-none-eabi-4_8-2014q2/bin/../lib/gcc/arm-none-eabi/4.8.4/../../../../arm-none-eabi/lib/armv7-m\libc_s.a(lib_a-memcpy-stub.o)
                0x0801890a                memcpy
 .text.strtok   0x0801891c       0x64 c:/dev/gcc-arm-none-eabi-4_8-2014q2/bin/../lib/gcc/arm-none-eabi/4.8.4/../../../../arm-none-eabi/lib/armv7-m\libc_s.a(lib_a-strtok.o)
                0x0801891c                strtok
 .text.__strtok_r
                0x08018980       0x56 c:/dev/gcc-arm-none-eabi-4_8-2014q2/bin/../lib/gcc/arm-none-eabi/4.8.4/../../../../arm-none-eabi/lib/armv7-m\libc_s.a(lib_a-strtok_r.o)
                0x08018980                __strtok_r
 .text.strtok_r
                0x080189d6        0x6 c:/dev/gcc-arm-none-eabi-4_8-2014q2/bin/../lib/gcc/arm-none-eabi/4.8.4/../../../../arm-none-eabi/lib/armv7-m\libc_s.a(lib_a-strtok_r.o)
                0x080189d6                strtok_r
 .text._strtol_r
                0x080189dc      0x104 c:/dev/gcc-arm-none-eabi-4_8-2014q2/bin/../lib/gcc/arm-none-eabi/4.8.4/../../../../arm-none-eabi/lib/armv7-m\libc_s.a(lib_a-strtol.o)
                0x080189dc                _strtol_r
 .text.strtol   0x08018ae0       0x1c c:/dev/gcc-arm-none-eabi-4_8-2014q2/bin/../lib/gcc/arm-none-eabi/4.8.4/../../../../arm-none-eabi/lib/armv7-m\libc_s.a(lib_a-strtol.o)
                0x08018ae0                strtol
 .text.malloc   0x08018afc       0x10 c:/dev/gcc-arm-none-eabi-4_8-2014q2/bin/../lib/gcc/arm-none-eabi/4.8.4/../../../../arm-none-eabi/lib/armv7-m\libc_s.a(lib_a-malloc.o)
                0x08018afc                malloc
 .text._malloc_r
                0x08018b0c       0xa8 c:/dev/gcc-arm-none-eabi-4_8-2014q2/bin/../lib/gcc/arm-none-eabi/4.8.4/../../../../arm-none-eabi/lib/armv7-m\libc_s.a(lib_a-nano-mallocr.o)
                0x08018b0c                _malloc_r
 .text._sbrk_r  0x08018bb4       0x20 c:/dev/gcc-arm-none-eabi-4_8-2014q2/bin/../lib/gcc/arm-none-eabi/4.8.4/../../../../arm-none-eabi/lib/armv7-m\libc_s.a(lib_a-sbrkr.o)
                0x08018bb4                _sbrk_r
 .text._sbrk    0x08018bd4       0x34 c:/dev/gcc-arm-none-eabi-4_8-2014q2/bin/../lib/gcc/arm-none-eabi/4.8.4/../../../../arm-none-eabi/lib/armv7-m\libnosys.a(sbrk.o)
                0x08018bd4                _sbrk
 .text.log2f    0x08018c08       0x14 c:/dev/gcc-arm-none-eabi-4_8-2014q2/bin/../lib/gcc/arm-none-eabi/4.8.4/../../../../arm-none-eabi/lib/armv7-m\libm.a(lib_a-sf_log2.o)
                0x08018c08                log2f
 .text.lrintf   0x08018c1c       0x7c c:/dev/gcc-arm-none-eabi-4_8-2014q2/bin/../lib/gcc/arm-none-eabi/4.8.4/../../../../arm-none-eabi/lib/armv7-m\libm.a(lib_a-sf_lrint.o)
                0x08018c1c                lrintf
 .text.logf     0x08018c98       0xd4 c:/dev/gcc-arm-none-eabi-4_8-2014q2/bin/../lib/gcc/arm-none-eabi/4.8.4/../../../../arm-none-eabi/lib/armv7-m\libm.a(lib_a-wf_log.o)
                0x08018c98                logf
 .text.powf     0x08018d6c      0x310 c:/dev/gcc-arm-none-eabi-4_8-2014q2/bin/../lib/gcc/arm-none-eabi/4.8.4/../../../../arm-none-eabi/lib/armv7-m\libm.a(lib_a-wf_pow.o)
                0x08018d6c                powf
 .text.sqrtf    0x0801907c       0x9c c:/dev/gcc-arm-none-eabi-4_8-2014q2/bin/../lib/gcc/arm-none-eabi/4.8.4/../../../../arm-none-eabi/lib/armv7-m\libm.a(lib_a-wf_sqrt.o)
                0x0801907c                sqrtf
 .text.__ieee754_logf
                0x08019118      0x298 c:/dev/gcc-arm-none-eabi-4_8-2014q2/bin/../lib/gcc/arm-none-eabi/4.8.4/../../../../arm-none-eabi/lib/armv7-m\libm.a(lib_a-ef_log.o)
                0x08019118                __ieee754_logf
 .text.__ieee754_powf
                0x080193b0      0x6f8 c:/dev/gcc-arm-none-eabi-4_8-2014q2/bin/../lib/gcc/arm-none-eabi/4.8.4/../../../../arm-none-eabi/lib/armv7-m\libm.a(lib_a-ef_pow.o)
                0x080193b0                __ieee754_powf
 .text.__ieee754_sqrtf
                0x08019aa8       0xa8 c:/dev/gcc-arm-none-eabi-4_8-2014q2/bin/../lib/gcc/arm-none-eabi/4.8.4/../../../../arm-none-eabi/lib/armv7-m\libm.a(lib_a-ef_sqrt.o)
                0x08019aa8                __ieee754_sqrtf
 .text.matherr  0x08019b50        0x4 c:/dev/gcc-arm-none-eabi-4_8-2014q2/bin/../lib/gcc/arm-none-eabi/4.8.4/../../../../arm-none-eabi/lib/armv7-m\libm.a(lib_a-s_matherr.o)
                0x08019b50                matherr
 .text.nan      0x08019b54        0xc c:/dev/gcc-arm-none-eabi-4_8-2014q2/bin/../lib/gcc/arm-none-eabi/4.8.4/../../../../arm-none-eabi/lib/armv7-m\libm.a(lib_a-s_nan.o)
                0x08019b54                nan
 .text.rint     0x08019b60      0x118 c:/dev/gcc-arm-none-eabi-4_8-2014q2/bin/../lib/gcc/arm-none-eabi/4.8.4/../../../../arm-none-eabi/lib/armv7-m\libm.a(lib_a-s_rint.o)
                0x08019b60                rint
 .text.fabsf    0x08019c78        0x8 c:/dev/gcc-arm-none-eabi-4_8-2014q2/bin/../lib/gcc/arm-none-eabi/4.8.4/../../../../arm-none-eabi/lib/armv7-m\libm.a(lib_a-sf_fabs.o)
                0x08019c78                fabsf
 .text.finitef  0x08019c80       0x10 c:/dev/gcc-arm-none-eabi-4_8-2014q2/bin/../lib/gcc/arm-none-eabi/4.8.4/../../../../arm-none-eabi/lib/armv7-m\libm.a(lib_a-sf_finite.o)
                0x08019c80                finitef
 .text.__fpclassifyf
                0x08019c90       0x34 c:/dev/gcc-arm-none-eabi-4_8-2014q2/bin/../lib/gcc/arm-none-eabi/4.8.4/../../../../arm-none-eabi/lib/armv7-m\libm.a(lib_a-sf_fpclassify.o)
                0x08019c90                __fpclassifyf
 .text.nanf     0x08019cc4        0x8 c:/dev/gcc-arm-none-eabi-4_8-2014q2/bin/../lib/gcc/arm-none-eabi/4.8.4/../../../../arm-none-eabi/lib/armv7-m\libm.a(lib_a-sf_nan.o)
                0x08019cc4                nanf
 .text.scalbnf  0x08019ccc       0xb4 c:/dev/gcc-arm-none-eabi-4_8-2014q2/bin/../lib/gcc/arm-none-eabi/4.8.4/../../../../arm-none-eabi/lib/armv7-m\libm.a(lib_a-sf_scalbn.o)
                0x08019ccc                scalbnf
 .text.copysignf
                0x08019d80        0xc c:/dev/gcc-arm-none-eabi-4_8-2014q2/bin/../lib/gcc/arm-none-eabi/4.8.4/../../../../arm-none-eabi/lib/armv7-m\libm.a(lib_a-sf_copysign.o)
                0x08019d80                copysignf
 .text.__errno  0x08019d8c        0xc c:/dev/gcc-arm-none-eabi-4_8-2014q2/bin/../lib/gcc/arm-none-eabi/4.8.4/../../../../arm-none-eabi/lib/armv7-m\libc_s.a(lib_a-errno.o)
                0x08019d8c                __errno
 *(.rodata)
 .rodata        0x08019d98      0x830 C:\cygwin64\tmp\ccWFxnfo.ltrans0.ltrans.o
                0x08019dd0                ioDefUsedMask.15491
                0x08019ddc                mixers
                0x08019ebc                servoMixers
                0x08019f94                gpsInitData.8442
                0x08019fd0                gpsPacketLogChar.8308
                0x0801a040                servoMixerSingle.15243
                0x0801a078                servoMixerDual.15242
                0x0801a086                servoMixerAirplane.15241
                0x0801a0a9                servoMixerFlyingWing.15240
                0x0801a0cc                servoMixerGimbal.15239
                0x0801a0da                servoMixerBI.15238
                0x0801a0f6                servoMixerTri.15237
                0x0801a100                mixerAtail4.14893
                0x0801a140                mixerDualcopter.14892
                0x0801a160                mixerHex6H.14891
                0x0801a1c0                mixerVtail4.14890
                0x0801a200                mixerOctoFlatX.14889
                0x0801a280                mixerOctoFlatP.14888
                0x0801a300                mixerOctoX8.14887
                0x0801a380                mixerHex6X.14886
                0x0801a3e0                mixerY4.14885
                0x0801a420                mixerSingleProp.14884
                0x0801a430                mixerHex6P.14883
                0x0801a490                mixerY6.14882
                0x0801a4f0                mixerBicopter.14881
                0x0801a510                mixerQuadX.14880
                0x0801a550                mixerQuadP.14879
                0x0801a590                mixerTricopter.14878
                0x0801a5c0                taskCount
                0x0801a5c4                accSamplingInterval
 .rodata        0x0801a5c8      0x124 C:\cygwin64\tmp\ccWFxnfo.ltrans1.ltrans.o
                0x0801a604                boxes.13594
 .rodata        0x0801a6ec      0x2c0 C:\cygwin64\tmp\ccWFxnfo.ltrans2.ltrans.o
                0x0801a9a0                buildTime
                0x0801a9a4                buildDate
                0x0801a9a8                shortGitRevision
 .rodata        0x0801a9ac       0x1c C:\cygwin64\tmp\ccWFxnfo.ltrans3.ltrans.o
 .rodata        0x0801a9c8      0xd34 C:\cygwin64\tmp\ccWFxnfo.ltrans5.ltrans.o
                0x0801a9ce                valueTable
                0x0801b5a0                lookupTables.16703
                0x0801b618                lookupTableHorizonTiltMode.16722
                0x0801b620                lookupTableLowpassType.16721
                0x0801b628                lookupTablePidDeltaMethod.16720
                0x0801b630                lookupTableGyroLpf.16719
                0x0801b648                lookupTableGyroFilter.16718
                0x0801b658                lookupTableSerialRX.16717
                0x0801b678                lookupTableGimbalMode.16716
                0x0801b680                lookupTableAmperageMeter.16715
                0x0801b688                lookupTableBlackboxDevice.16714
                0x0801b694                lookupTableGPSSBASMode.16713
                0x0801b6a8                lookupTableGPSProvider.16712
                0x0801b6b0                lookupTableAlignment.16711
                0x0801b6d4                lookupTableUnit.16710
                0x0801b6dc                lookupTableDebug.16709
                0x0801b6f4                lookupTableOffOn.16708
 .rodata        0x0801b6fc       0x14 C:\cygwin64\tmp\ccWFxnfo.ltrans6.ltrans.o
 .rodata        0x0801b710       0xd0 C:\cygwin64\tmp\ccWFxnfo.ltrans7.ltrans.o
 .rodata        0x0801b7e0      0x168 C:\cygwin64\tmp\ccWFxnfo.ltrans9.ltrans.o
                0x0801b8e8                featureNames.16746
 .rodata        0x0801b948       0x40 C:\cygwin64\tmp\ccWFxnfo.ltrans10.ltrans.o
 .rodata        0x0801b988       0x30 C:\cygwin64\tmp\ccWFxnfo.ltrans11.ltrans.o
 .rodata        0x0801b9b8       0xec C:\cygwin64\tmp\ccWFxnfo.ltrans12.ltrans.o
 .rodata        0x0801baa4       0x28 C:\cygwin64\tmp\ccWFxnfo.ltrans13.ltrans.o
 .rodata        0x0801bacc       0x58 C:\cygwin64\tmp\ccWFxnfo.ltrans17.ltrans.o
 .rodata        0x0801bb24       0x18 C:\cygwin64\tmp\ccWFxnfo.ltrans18.ltrans.o
 .rodata        0x0801bb3c       0x84 C:\cygwin64\tmp\ccWFxnfo.ltrans20.ltrans.o
                0x0801bb3c                mixerNames.16702
 .rodata        0x0801bbc0       0x70 C:\cygwin64\tmp\ccWFxnfo.ltrans21.ltrans.o
                0x0801bbd8                hsv
                0x0801bc10                layerTable.8794
 .rodata        0x0801bc30       0x28 C:\cygwin64\tmp\ccWFxnfo.ltrans23.ltrans.o
 .rodata        0x0801bc58      0x11c C:\cygwin64\tmp\ccWFxnfo.ltrans24.ltrans.o
                0x0801bc58                beep_armedBeep.15636
                0x0801bc5d                beep_disarmRepeatBeep.15635
                0x0801bc61                beep_readyBeep.15634
                0x0801bc70                beep_2longerBeeps.15633
                0x0801bc75                beep_2shortBeeps.15632
                0x0801bc7a                beep_shortBeep.15631
                0x0801bc7d                beep_lowBatteryBeep.15629
                0x0801bc80                beep_critBatteryBeep.15628
                0x0801bc83                beep_armedGpsFix.15627
                0x0801bc8c                beep_armingBeep.15626
                0x0801bc91                beep_disarmBeep.15625
                0x0801bc96                beep_txLostBeep.15624
                0x0801bc99                beep_sos.15623
                0x0801bcac                beep_gyroCalibrated.15622
                0x0801bcb4                beeperTable.15621
 .rodata        0x0801bd74      0x210 C:\cygwin64\tmp\ccWFxnfo.ltrans28.ltrans.o
                0x0801bd74                cmdTable
                0x0801bf64                baudRates
 .rodata        0x0801bf84      0x100 c:/dev/gcc-arm-none-eabi-4_8-2014q2/bin/../lib/gcc/arm-none-eabi/4.8.4/armv7-m\libgcc.a(_popcount_tab.o)
                0x0801bf84                __popcount_tab
 *(.rodata*)
 .rodata.serialPortIdentifiers
                0x0801c084        0x5 C:\cygwin64\tmp\ccWFxnfo.ltrans0.ltrans.o
                0x0801c084                serialPortIdentifiers
 *fill*         0x0801c089        0x3 
 .rodata.timerHardware
                0x0801c08c       0xe0 C:\cygwin64\tmp\ccWFxnfo.ltrans0.ltrans.o
                0x0801c08c                timerHardware
 .rodata.str1.1
                0x0801c16c      0x16b C:\cygwin64\tmp\ccWFxnfo.ltrans0.ltrans.o
                                0x173 (size before relaxing)
 .rodata.str1.1
                0x0801c2d7      0x113 C:\cygwin64\tmp\ccWFxnfo.ltrans1.ltrans.o
                                0x133 (size before relaxing)
 .rodata.str1.1
                0x0801c3ea      0x1f9 C:\cygwin64\tmp\ccWFxnfo.ltrans2.ltrans.o
                                0x227 (size before relaxing)
 *fill*         0x0801c5e3        0x1 
 .rodata.frSkyDataIdTable
                0x0801c5e4       0x24 C:\cygwin64\tmp\ccWFxnfo.ltrans3.ltrans.o
 .rodata.str1.1
                0x0801c608      0xc3c C:\cygwin64\tmp\ccWFxnfo.ltrans5.ltrans.o
                                0xc9a (size before relaxing)
 .rodata.str1.1
                0x0801d244        0x2 C:\cygwin64\tmp\ccWFxnfo.ltrans6.ltrans.o
 .rodata.str1.1
                0x0801d246       0xf0 C:\cygwin64\tmp\ccWFxnfo.ltrans8.ltrans.o
                                0x157 (size before relaxing)
 .rodata.str1.1
                0x0801d336       0xe1 C:\cygwin64\tmp\ccWFxnfo.ltrans9.ltrans.o
                                0x128 (size before relaxing)
 .rodata.str1.1
                0x0801d417      0x1ef C:\cygwin64\tmp\ccWFxnfo.ltrans12.ltrans.o
                                0x219 (size before relaxing)
 .rodata.str1.1
                0x0801d606       0x38 C:\cygwin64\tmp\ccWFxnfo.ltrans14.ltrans.o
 .rodata.str1.1
                0x0801d63e       0x27 C:\cygwin64\tmp\ccWFxnfo.ltrans15.ltrans.o
                                 0x28 (size before relaxing)
 .rodata.str1.1
                0x0801d665       0x5d C:\cygwin64\tmp\ccWFxnfo.ltrans16.ltrans.o
 .rodata.str1.1
                0x0801d6c2       0x3e C:\cygwin64\tmp\ccWFxnfo.ltrans18.ltrans.o
                                 0x41 (size before relaxing)
 .rodata.str1.1
                0x0801d700      0x267 C:\cygwin64\tmp\ccWFxnfo.ltrans20.ltrans.o
                                0x295 (size before relaxing)
 .rodata.rcChannelLetters
                0x0801d967       0x15 C:\cygwin64\tmp\ccWFxnfo.ltrans20.ltrans.o
                0x0801d967                rcChannelLetters
 .rodata.str1.1
                0x0801d97c        0xc C:\cygwin64\tmp\ccWFxnfo.ltrans21.ltrans.o
                                 0x21 (size before relaxing)
 .rodata.str1.1
                0x0801d988       0xaf C:\cygwin64\tmp\ccWFxnfo.ltrans22.ltrans.o
 .rodata.str1.1
                0x0801da37       0xb6 C:\cygwin64\tmp\ccWFxnfo.ltrans24.ltrans.o
                                 0xbd (size before relaxing)
 .rodata.str1.1
                0x0801daed      0x529 C:\cygwin64\tmp\ccWFxnfo.ltrans28.ltrans.o
                                0x582 (size before relaxing)
 .rodata._ctype_
                0x0801e016      0x101 c:/dev/gcc-arm-none-eabi-4_8-2014q2/bin/../lib/gcc/arm-none-eabi/4.8.4/../../../../arm-none-eabi/lib/armv7-m\libc_s.a(lib_a-ctype_.o)
                0x0801e016                _ctype_
 .rodata.str1.1
                0x00000000        0x0 c:/dev/gcc-arm-none-eabi-4_8-2014q2/bin/../lib/gcc/arm-none-eabi/4.8.4/../../../../arm-none-eabi/lib/armv7-m\libc_s.a(lib_a-impure.o)
                                  0x2 (size before relaxing)
 *fill*         0x0801e117        0x1 
 .rodata.TWO23  0x0801e118        0x8 c:/dev/gcc-arm-none-eabi-4_8-2014q2/bin/../lib/gcc/arm-none-eabi/4.8.4/../../../../arm-none-eabi/lib/armv7-m\libm.a(lib_a-sf_lrint.o)
 .rodata.str1.4
                0x0801e120        0x5 c:/dev/gcc-arm-none-eabi-4_8-2014q2/bin/../lib/gcc/arm-none-eabi/4.8.4/../../../../arm-none-eabi/lib/armv7-m\libm.a(lib_a-wf_log.o)
                                  0xc (size before relaxing)
 *fill*         0x0801e125        0x3 
 .rodata.str1.4
                0x0801e128        0x5 c:/dev/gcc-arm-none-eabi-4_8-2014q2/bin/../lib/gcc/arm-none-eabi/4.8.4/../../../../arm-none-eabi/lib/armv7-m\libm.a(lib_a-wf_pow.o)
                                  0x8 (size before relaxing)
 *fill*         0x0801e12d        0x3 
 .rodata.str1.4
                0x0801e130        0x8 c:/dev/gcc-arm-none-eabi-4_8-2014q2/bin/../lib/gcc/arm-none-eabi/4.8.4/../../../../arm-none-eabi/lib/armv7-m\libm.a(lib_a-wf_sqrt.o)
 .rodata.dp_h   0x0801e138        0x8 c:/dev/gcc-arm-none-eabi-4_8-2014q2/bin/../lib/gcc/arm-none-eabi/4.8.4/../../../../arm-none-eabi/lib/armv7-m\libm.a(lib_a-ef_pow.o)
 .rodata.dp_l   0x0801e140        0x8 c:/dev/gcc-arm-none-eabi-4_8-2014q2/bin/../lib/gcc/arm-none-eabi/4.8.4/../../../../arm-none-eabi/lib/armv7-m\libm.a(lib_a-ef_pow.o)
 .rodata.bp     0x0801e148        0x8 c:/dev/gcc-arm-none-eabi-4_8-2014q2/bin/../lib/gcc/arm-none-eabi/4.8.4/../../../../arm-none-eabi/lib/armv7-m\libm.a(lib_a-ef_pow.o)
 .rodata.str1.4
                0x00000000        0x4 c:/dev/gcc-arm-none-eabi-4_8-2014q2/bin/../lib/gcc/arm-none-eabi/4.8.4/../../../../arm-none-eabi/lib/armv7-m\libm.a(lib_a-ef_pow.o)
 .rodata.TWO52  0x0801e150       0x10 c:/dev/gcc-arm-none-eabi-4_8-2014q2/bin/../lib/gcc/arm-none-eabi/4.8.4/../../../../arm-none-eabi/lib/armv7-m\libm.a(lib_a-s_rint.o)
 *(.glue_7)
 .glue_7        0x00000000        0x0 linker stubs
 *(.glue_7t)
 .glue_7t       0x00000000        0x0 linker stubs
 *(.eh_frame)
 *(.init)
 *(.fini)
                0x0801e160                . = ALIGN (0x4)
                0x0801e160                _etext = .

.vfp11_veneer   0x0801e160        0x0
 .vfp11_veneer  0x00000000        0x0 linker stubs

.v4_bx          0x0801e160        0x0
 .v4_bx         0x00000000        0x0 linker stubs

.iplt           0x0801e160        0x0
 .iplt          0x00000000        0x0 obj/main/NAZE/startup_stm32f10x_md_gcc.o

.ARM.extab
 *(.ARM.extab* .gnu.linkonce.armextab.*)

.ARM            0x0801e160        0x8
                0x0801e160                __exidx_start = .
 *(.ARM.exidx*)
 .ARM.exidx     0x0801e160        0x8 c:/dev/gcc-arm-none-eabi-4_8-2014q2/bin/../lib/gcc/arm-none-eabi/4.8.4/armv7-m\libgcc.a(_divdi3.o)
 .ARM.exidx     0x0801e168        0x0 c:/dev/gcc-arm-none-eabi-4_8-2014q2/bin/../lib/gcc/arm-none-eabi/4.8.4/armv7-m\libgcc.a(_udivdi3.o)
                                  0x8 (size before relaxing)
                0x0801e168                __exidx_end = .

.preinit_array  0x0801e168        0x0
                0x0801e168                PROVIDE (__preinit_array_start, .)
 *(.preinit_array*)
                0x0801e168                PROVIDE (__preinit_array_end, .)

.init_array     0x0801e168        0x0
                0x0801e168                PROVIDE (__init_array_start, .)
 *(SORT(.init_array.*))
 *(.init_array*)
                0x0801e168                PROVIDE (__init_array_end, .)

.fini_array     0x0801e168        0x0
                0x0801e168                PROVIDE (__fini_array_start, .)
 *(.fini_array*)
 *(SORT(.fini_array.*))
                0x0801e168                PROVIDE (__fini_array_end, .)

.pg_registry    0x0801e168      0x350
                0x0801e168                PROVIDE (__pg_registry_start, .)
 *(.pg_registry)
 .pg_registry   0x0801e168      0x110 C:\cygwin64\tmp\ccWFxnfo.ltrans0.ltrans.o
                0x0801e168                boardAlignment_Registry
                0x0801e178                telemetryConfig_Registry
                0x0801e188                gpsConfig_Registry
                0x0801e198                flashchipConfig_Registry
                0x0801e1a8                featureConfig_Registry
                0x0801e1b8                modeActivationProfile_Registry
                0x0801e1c8                pidProfile_Registry
                0x0801e1d8                gyroConfig_Registry
                0x0801e1e8                motorConfig_Registry
                0x0801e1f8                servoConfig_Registry
                0x0801e208                mixerConfig_Registry
                0x0801e218                batteryConfig_Registry
                0x0801e228                customServoMixer_Registry
                0x0801e238                customMotorMixer_Registry
                0x0801e248                rxConfig_Registry
                0x0801e258                debugConfig_Registry
                0x0801e268                systemConfig_Registry
 .pg_registry   0x0801e278       0x90 C:\cygwin64\tmp\ccWFxnfo.ltrans1.ltrans.o
                0x0801e278                sensorAlignmentConfig_Registry
                0x0801e288                specialColors_Registry
                0x0801e298                modeColors_Registry
                0x0801e2a8                ledConfigs_Registry
                0x0801e2b8                colors_Registry
                0x0801e2c8                failsafeChannelConfigs_Registry
                0x0801e2d8                compassConfig_Registry
                0x0801e2e8                mspServerConfig_Registry
                0x0801e2f8                servoProfile_Registry
 .pg_registry   0x0801e308       0xe0 C:\cygwin64\tmp\ccWFxnfo.ltrans2.ltrans.o
                0x0801e308                accelerometerConfig_Registry
                0x0801e318                imuConfig_Registry
                0x0801e328                gimbalConfig_Registry
                0x0801e338                motor3DConfig_Registry
                0x0801e348                gtuneConfig_Registry
                0x0801e358                airplaneConfig_Registry
                0x0801e368                rcControlsConfig_Registry
                0x0801e378                gpsProfile_Registry
                0x0801e388                profileSelection_Registry
                0x0801e398                voltageMeterConfig_Registry
                0x0801e3a8                amperageMeterConfig_Registry
                0x0801e3b8                controlRateProfiles_Registry
                0x0801e3c8                blackboxConfig_Registry
                0x0801e3d8                throttleCorrectionConfig_Registry
 .pg_registry   0x0801e3e8       0x30 C:\cygwin64\tmp\ccWFxnfo.ltrans3.ltrans.o
                0x0801e3e8                frskyTelemetryConfig_Registry
                0x0801e3f8                hottTelemetryConfig_Registry
                0x0801e408                ibusTelemetryConfig_Registry
 .pg_registry   0x0801e418       0x40 C:\cygwin64\tmp\ccWFxnfo.ltrans4.ltrans.o
                0x0801e418                channelRanges_Registry
                0x0801e428                failsafeConfig_Registry
                0x0801e438                adjustmentProfile_Registry
                0x0801e448                armingConfig_Registry
 .pg_registry   0x0801e458       0x10 C:\cygwin64\tmp\ccWFxnfo.ltrans6.ltrans.o
                0x0801e458                pwmRxConfig_Registry
 .pg_registry   0x0801e468       0x10 C:\cygwin64\tmp\ccWFxnfo.ltrans11.ltrans.o
                0x0801e468                barometerConfig_Registry
 .pg_registry   0x0801e478       0x10 C:\cygwin64\tmp\ccWFxnfo.ltrans17.ltrans.o
                0x0801e478                sensorSelectionConfig_Registry
 .pg_registry   0x0801e488       0x20 C:\cygwin64\tmp\ccWFxnfo.ltrans25.ltrans.o
                0x0801e488                rateProfileSelection_Registry
                0x0801e498                sensorTrims_Registry
 .pg_registry   0x0801e4a8       0x10 C:\cygwin64\tmp\ccWFxnfo.ltrans28.ltrans.o
                0x0801e4a8                serialConfig_Registry
 *(SORT(.pg_registry.*))
                0x0801e4b8                PROVIDE (__pg_registry_end, .)

.pg_resetdata   0x0801e4b8       0xe8
                0x0801e4b8                PROVIDE (__pg_resetdata_start, .)
 *(.pg_resetdata)
 .pg_resetdata  0x0801e4b8       0x84 C:\cygwin64\tmp\ccWFxnfo.ltrans0.ltrans.o
                0x0801e4b8                pgResetTemplate_telemetryConfig
                0x0801e4bc                pgResetTemplate_pidProfile
                0x0801e4ea                pgResetTemplate_gyroConfig
                0x0801e4f8                pgResetTemplate_motorConfig
                0x0801e504                pgResetTemplate_servoConfig
                0x0801e508                pgResetTemplate_mixerConfig
                0x0801e518                pgResetTemplate_batteryConfig
                0x0801e520                pgResetTemplate_rxConfig
                0x0801e53a                pgResetTemplate_systemConfig
 .pg_resetdata  0x0801e53c        0x2 C:\cygwin64\tmp\ccWFxnfo.ltrans1.ltrans.o
                0x0801e53c                pgResetTemplate_compassConfig
 .pg_resetdata  0x0801e53e       0x38 C:\cygwin64\tmp\ccWFxnfo.ltrans2.ltrans.o
                0x0801e53e                pgResetTemplate_imuConfig
                0x0801e546                pgResetTemplate_motor3DConfig
                0x0801e54c                pgResetTemplate_gtuneConfig
                0x0801e558                pgResetTemplate_airplaneConfig
                0x0801e55a                pgResetTemplate_rcControlsConfig
                0x0801e562                pgResetTemplate_gpsProfile
                0x0801e56e                pgResetTemplate_blackboxConfig
                0x0801e572                pgResetTemplate_throttleCorrectionConfig
 .pg_resetdata  0x0801e576        0x4 C:\cygwin64\tmp\ccWFxnfo.ltrans3.ltrans.o
                0x0801e576                pgResetTemplate_hottTelemetryConfig
                0x0801e578                pgResetTemplate_ibusTelemetryConfig
 .pg_resetdata  0x0801e57a        0xc C:\cygwin64\tmp\ccWFxnfo.ltrans4.ltrans.o
                0x0801e57a                pgResetTemplate_failsafeConfig
                0x0801e582                pgResetTemplate_armingConfig
 *fill*         0x0801e586        0x2 
 .pg_resetdata  0x0801e588       0x10 C:\cygwin64\tmp\ccWFxnfo.ltrans11.ltrans.o
                0x0801e588                pgResetTemplate_barometerConfig
 .pg_resetdata  0x0801e598        0x8 C:\cygwin64\tmp\ccWFxnfo.ltrans26.ltrans.o
                0x0801e598                pgResetTemplate_flashchipConfig
                0x0801e5a0                PROVIDE (__pg_resetdata_end, .)
                0x0801e5a0                _sidata = .

.rel.dyn        0x0801e5a0        0x0
 .rel.iplt      0x00000000        0x0 obj/main/NAZE/startup_stm32f10x_md_gcc.o

.data           0x20000000      0x494 load address 0x0801e5a0
                0x20000000                . = ALIGN (0x4)
                0x20000000                _sdata = .
 *(.data)
 .data          0x20000000      0x34c C:\cygwin64\tmp\ccWFxnfo.ltrans0.ltrans.o
                0x20000000                hse_value
                0x20000004                standardBoardAlignment.18529
                0x20000008                geometry.6008
                0x20000018                cfTasks
                0x20000348                realtimeGuardInterval.20089
 .data          0x2000034c        0x1 C:\cygwin64\tmp\ccWFxnfo.ltrans2.ltrans.o
                0x2000034c                isUsingSticksToArm.12861
 *fill*         0x2000034d        0x1 
 .data          0x2000034e        0x4 C:\cygwin64\tmp\ccWFxnfo.ltrans3.ltrans.o
                0x2000034e                GPS_hdop
 .data          0x20000352        0x2 C:\cygwin64\tmp\ccWFxnfo.ltrans4.ltrans.o
                0x20000352                rxIsInFailsafeMode.17141
                0x20000353                rxIsInFailsafeModeNotDataDriven.17140
 .data          0x20000354        0x4 C:\cygwin64\tmp\ccWFxnfo.ltrans8.ltrans.o
                0x20000354                measurement.6368
 .data          0x20000358        0x4 C:\cygwin64\tmp\ccWFxnfo.ltrans11.ltrans.o
 .data          0x2000035c        0x4 C:\cygwin64\tmp\ccWFxnfo.ltrans15.ltrans.o
                0x2000035c                q0.14730
 .data          0x20000360        0x1 C:\cygwin64\tmp\ccWFxnfo.ltrans17.ltrans.o
                0x20000360                isEOCConnected.5545
 *fill*         0x20000361        0x3 
 .data          0x20000364        0xc C:\cygwin64\tmp\ccWFxnfo.ltrans19.ltrans.o
                0x20000364                magGain.5864
 .data          0x20000370       0x1c C:\cygwin64\tmp\ccWFxnfo.ltrans20.ltrans.o
                0x20000370                pwmMotorsEnabled.6698
 .data          0x2000038c        0x4 C:\cygwin64\tmp\ccWFxnfo.ltrans24.ltrans.o
                0x2000038c                GPS_scaleLonDown.8020
 *(.data*)
 .data.batteryCellCount
                0x20000390        0x1 C:\cygwin64\tmp\ccWFxnfo.ltrans0.ltrans.o
                0x20000390                batteryCellCount
 *fill*         0x20000391        0x3 
 .data.SystemCoreClock
                0x20000394        0x4 C:\cygwin64\tmp\ccWFxnfo.ltrans0.ltrans.o
                0x20000394                SystemCoreClock
 .data.detectedSensors
                0x20000398        0x4 C:\cygwin64\tmp\ccWFxnfo.ltrans17.ltrans.o
                0x20000398                detectedSensors
 .data.dmaChannels
                0x2000039c       0x8c C:\cygwin64\tmp\ccWFxnfo.ltrans31.ltrans.o
                0x2000039c                dmaChannels
 .data.__ctype_ptr__
                0x20000428        0x4 c:/dev/gcc-arm-none-eabi-4_8-2014q2/bin/../lib/gcc/arm-none-eabi/4.8.4/../../../../arm-none-eabi/lib/armv7-m\libc_s.a(lib_a-ctype_.o)
                0x20000428                __ctype_ptr__
 .data.impure_data
                0x2000042c       0x60 c:/dev/gcc-arm-none-eabi-4_8-2014q2/bin/../lib/gcc/arm-none-eabi/4.8.4/../../../../arm-none-eabi/lib/armv7-m\libc_s.a(lib_a-impure.o)
 .data._impure_ptr
                0x2000048c        0x4 c:/dev/gcc-arm-none-eabi-4_8-2014q2/bin/../lib/gcc/arm-none-eabi/4.8.4/../../../../arm-none-eabi/lib/armv7-m\libc_s.a(lib_a-impure.o)
                0x2000048c                _impure_ptr
 .data.__fdlib_version
                0x20000490        0x1 c:/dev/gcc-arm-none-eabi-4_8-2014q2/bin/../lib/gcc/arm-none-eabi/4.8.4/../../../../arm-none-eabi/lib/armv7-m\libm.a(lib_a-s_lib_ver.o)
                0x20000490                __fdlib_version
                0x20000494                . = ALIGN (0x4)
 *fill*         0x20000491        0x3 
                0x20000494                _edata = .

.igot.plt       0x20000494        0x0 load address 0x0801ea34
 .igot.plt      0x00000000        0x0 obj/main/NAZE/startup_stm32f10x_md_gcc.o
                0x20000494                . = ALIGN (0x4)

.bss            0x20000498     0x385c load address 0x0801ea34
                0x20000498                _sbss = .
                0x20000498                __bss_start__ = _sbss
 *(.bss)
 .bss           0x20000498     0x1120 C:\cygwin64\tmp\ccWFxnfo.ltrans0.ltrans.o
                0x20000498                ioRecs
                0x200005b0                stdout_putf.19523
                0x200005b4                stdout_putp.19524
                0x200005b8                systemState.11728
                0x200005bb                i2cOverClock.4289
                0x200005bc                cachedRccCsrValue
                0x200005c0                usTicks.19913
                0x200005c4                activeFeaturesLatch.11374
                0x200005c8                featureConfig_System
                0x200005cc                debugMode
                0x200005d0                extiChannelRecs
                0x20000610                extiGroupPriority.15359
                0x20000618                led_config
                0x20000630                rxConfig_System
                0x2000064c                timerConfig
                0x200006fe                serialPortCount.20277
                0x20000700                serialPortUsageList.20274
                0x20000740                customMotorMixer_SystemArray
                0x20000800                customServoMixers.15214
                0x20000804                customServoMixer_SystemArray
                0x20000874                mixerConfig_System
                0x20000888                servo
                0x20000898                batteryConfig_System
                0x200008a4                motorConfig_System
                0x200008b0                pwmIOConfiguration.6510
                0x20000928                ppmDev
                0x20000a54                motors.6695
                0x20000a84                servos.6699
                0x20000aa4                motorCount
                0x20000aa8                currentMixer
                0x20000b68                servoRuleCount.15213
                0x20000b69                currentServoMixer.15158
                0x20000bd9                stateFlags
                0x20000bda                motorControlEnable
                0x20000bdb                adcConfig
                0x20000bec                adcValues
                0x20000bf4                boardAlignment_System
                0x20000bfc                boardRotation.18527
                0x20000c20                gyroConfig_System
                0x20000c30                enabledSensors.13338
                0x20000c34                telemetryConfig_System
                0x20000c38                activeBoxIds.13596
                0x20000c3c                mspPorts
                0x20000cdc                gyro
                0x20000cf0                pidProfile_ProfileCurrent
                0x20000cf4                imuRuntimeConfig.14745
                0x20000cf8                smallAngleCosZ
                0x20000cfc                gyroScale.14773
                0x20000d00                accVelScale
                0x20000d04                acc
                0x20000d10                failsafeState.14306
                0x20000d34                modeActivationProfile_ProfileCurrent
                0x20000d38                rxRuntimeConfig
                0x20000d44                rcSampleIndex.17131
                0x20000d48                servoFilterState.15162
                0x20000e28                rcData
                0x20000e4c                rcInvalidPulsPeriod
                0x20000e94                sbusChannelData.17387
                0x20000ee0                srxlFrameReceived.18070
                0x20000ee1                srxlDataIncoming.18071
                0x20000ee2                srxlFramePosition.18072
                0x20000ee3                srxlFrameLength.18075
                0x20000ee4                srxlChannelCount.18076
                0x20000ee5                xBusFrameReceived.17879
                0x20000ee6                xBusDataIncoming.17876
                0x20000ee7                xBusFramePosition.17875
                0x20000ee8                xBusChannelCount.17880
                0x20000eec                gpsData
                0x20000f0c                gpsPacketLog
                0x20000f21                gpsConfig_System
                0x20000f28                gpsPort.8441
                0x20000f2c                sonarHardware.6367
                0x20000f38                lastMeasurementAt.6370
                0x20000f3e                sonarCfAltCm
                0x20000f44                sonarMaxTiltCos
                0x20000f48                sonarMaxAltWithTiltCm
                0x20000f4c                calculatedAltitude.10506
                0x20000f50                ledStripInitialised.8800
                0x20000f51                ledStripDMABuffer
                0x20001284                ledColorBuffer.6153
                0x20001304                portConfig.9203
                0x20001308                frskyPortSharing.9204
                0x2000130c                portConfig.9494
                0x20001310                hottPortSharing.9508
                0x20001311                hottEAMMessage.9471
                0x2000133d                hottGPSMessage.9470
                0x2000136c                portConfig.9635
                0x20001370                smartPortPortSharing.9636
                0x20001374                portConfig.9832
                0x20001378                ltmPortSharing.9833
                0x2000137c                portConfig.10141
                0x20001380                mavlinkPortSharing.10142
                0x20001384                ibusSerialPortConfig.10401
                0x20001388                ibusPortSharing.10402
                0x20001389                ibusBaseAddress.10385
                0x20001394                couldBeBusy.6015
                0x20001398                tailAddress.7711
                0x2000139c                blackboxState.10898
                0x2000139e                calibratingA
                0x200013a0                calibratingG.18723
                0x200013a4                voltageMeterStates
                0x200013c8                batteryState.18311
                0x200013ca                batteryWarningVoltage
                0x200013cc                batteryCriticalVoltage
                0x200013d0                taskQueueArray
                0x2000141c                taskQueueSize.20082
                0x20001420                totalWaitingTasksSamples.20086
                0x20001424                totalWaitingTasks.20087
                0x20001428                currentTask.20091
                0x2000151c                pidProfile_Storage.14454
                0x200015a6                blackboxSlowFrameIterationTimer.10897
                0x200015a8                xmitState.10890
                0x200015b0                blackboxHeaderBudget
                0x200015b4                blackboxLoggedAnyFrames.10888
 .bss           0x200015b8      0x3d4 C:\cygwin64\tmp\ccWFxnfo.ltrans1.ltrans.o
                0x200015b8                printfSerialPort.19522
                0x200015d8                failsafeChannelConfigs_SystemArray
                0x200015fc                i2cErrorCount.4292
                0x200015fe                gyroDeltaUs
                0x20001600                accSmooth
                0x2000160c                magADC
                0x20001618                servoProfile_ProfileCurrent
                0x2000161c                vario
                0x20001620                amperageMeters
                0x20001630                vbat
                0x20001634                compassConfig_ProfileCurrent
                0x20001638                GPS_altitude
                0x2000163a                GPS_speed
                0x2000163c                GPS_ground_course
                0x2000163e                GPS_distanceToHome
                0x20001640                GPS_directionToHome
                0x20001642                GPS_update
                0x20001643                GPS_numCh
                0x20001644                GPS_svinfo_chn
                0x20001654                GPS_svinfo_svid
                0x20001664                GPS_svinfo_quality
                0x20001674                GPS_svinfo_cno
                0x20001684                colors_SystemArray
                0x200016c4                ledConfigs_SystemArray
                0x20001744                modeColors_SystemArray
                0x20001768                specialColors_System
                0x20001773                sensorAlignmentConfig_System
                0x20001778                escHardware
                0x20001838                escCount.15961
                0x2000183a                mspFrame.17294
                0x2000185e                rxMspFrameDone.17295
                0x20001860                passThroughPort.13595
 .bss           0x2000198c      0x3a4 C:\cygwin64\tmp\ccWFxnfo.ltrans2.ltrans.o
                0x2000198c                gyroReadyCounter
                0x20001994                debug
                0x2000199c                currentControlRateProfile
                0x200019a0                imuConfig_System
                0x200019a8                accelerometerConfig_ProfileCurrent
                0x200019ac                flightModeFlags
                0x200019ae                attitude
                0x200019d8                rcCommand
                0x200019e0                gyroADCf
                0x200019fc                lastITermf
                0x20001a08                rcModeActivationMask.12863
                0x20001a28                dtermFilterNotch
                0x20001a7c                dtermFilterLpf
                0x20001ad0                axisPID_P
                0x20001adc                axisPID_I
                0x20001ae8                axisPID_D
                0x20001b14                gyroADC
                0x20001b34                rcControlsConfig_ProfileCurrent
                0x20001b38                motor3DConfig_System
                0x20001b3e                motor
                0x20001b56                motor_disarmed
                0x20001b70                servoConf.15173
                0x20001b9c                lookupPitchRollRC.12943
                0x20001baa                lookupYawRC.12944
                0x20001bb8                lookupThrottleRC.12945
                0x20001bd0                headFreeModeHold
                0x20001bd4                altHoldThrottleAdjustment
                0x20001bd8                initialRawThrottleHold.14143
                0x20001bdc                errorVelocityI
                0x20001be4                AltHold
                0x20001be8                EstAlt.14146
                0x20001bec                initialThrottleHold.14148
                0x20001bee                velocityControl
                0x20001bf0                magHold
                0x20001bf4                throttleCorrectionConfig_ProfileCurrent
                0x20001bf8                rMat.14731
                0x20001c1c                throttleAngleScale
                0x20001c20                isRXDataNew.12324
                0x20001c38                gpsProfile_ProfileCurrent
                0x20001c3c                nav_rated.8074
                0x20001c40                nav.8043
                0x20001c44                blackboxConfig_System
                0x20001c48                blackboxPort.11272
                0x20001c4c                blackboxMaxHeaderBytesPerIteration.11276
                0x20001c4e                controlRateProfiles_SystemArray
                0x20001c72                profileSelection_System
                0x20001c74                blackboxConditionCache.10844
                0x20001c78                voltageMeterConfig_SystemArray
                0x20001c7c                vbatReference.10976
                0x20001c7e                amperageMeterConfig_SystemArray
                0x20001c86                blackboxPFrameIndex.10997
                0x20001c88                blackboxIteration.10982
                0x20001c8c                blackboxModeActivationConditionPresent.11003
                0x20001c8d                blackboxPortSharing.11273
 .bss           0x20001d30      0x298 C:\cygwin64\tmp\ccWFxnfo.ltrans3.ltrans.o
                0x20001d30                frskyTelemetryEnabled.9205
                0x20001d3c                BaroAlt
                0x20001d40                baroTemperature
                0x20001d48                frskyTelemetryConfig_System
                0x20001d55                hottTelemetryEnabled.9507